
  .   ____          _            __ _ _
 /\\ / ___'_ __ _ _(_)_ __  __ _ \ \ \ \
( ( )\___ | '_ | '_| | '_ \/ _` | \ \ \ \
 \\/  ___)| |_)| | | | | || (_| |  ) ) ) )
  '  |____| .__|_| |_|_| |_\__, | / / / /
 =========|_|==============|___/=/_/_/_/

 :: Spring Boot ::                (v4.0.5)

2026-05-15T23:18:27.472+05:00  INFO 26632 --- [socratesai] [           main] c.m.socratesai.SocratesaiApplication     : Starting SocratesaiApplication v0.0.1-SNAPSHOT using Java 21.0.3 with PID 26632 (C:\Users\Koshikov\Desktop\socratesai\target\socratesai-0.0.1-SNAPSHOT.jar started by Koshikov in C:\Users\Koshikov\Desktop\socratesai)
2026-05-15T23:18:27.476+05:00  INFO 26632 --- [socratesai] [           main] c.m.socratesai.SocratesaiApplication     : No active profile set, falling back to 1 default profile: "default"
2026-05-15T23:18:28.425+05:00  INFO 26632 --- [socratesai] [           main] .s.d.r.c.RepositoryConfigurationDelegate : Bootstrapping Spring Data JPA repositories in DEFAULT mode.
2026-05-15T23:18:28.472+05:00  INFO 26632 --- [socratesai] [           main] .s.d.r.c.RepositoryConfigurationDelegate : Finished Spring Data repository scanning in 37 ms. Found 5 JPA repository interfaces.
2026-05-15T23:18:29.366+05:00  INFO 26632 --- [socratesai] [           main] o.s.boot.tomcat.TomcatWebServer          : Tomcat initialized with port 18080 (http)
2026-05-15T23:18:29.381+05:00  INFO 26632 --- [socratesai] [           main] o.apache.catalina.core.StandardService   : Starting service [Tomcat]
2026-05-15T23:18:29.381+05:00  INFO 26632 --- [socratesai] [           main] o.apache.catalina.core.StandardEngine    : Starting Servlet engine: [Apache Tomcat/11.0.20]
2026-05-15T23:18:29.413+05:00  INFO 26632 --- [socratesai] [           main] b.w.c.s.WebApplicationContextInitializer : Root WebApplicationContext: initialization completed in 1882 ms
2026-05-15T23:18:29.788+05:00  INFO 26632 --- [socratesai] [           main] com.zaxxer.hikari.HikariDataSource       : HikariPool-1 - Starting...
2026-05-15T23:18:29.962+05:00  INFO 26632 --- [socratesai] [           main] com.zaxxer.hikari.pool.HikariPool        : HikariPool-1 - Added connection org.postgresql.jdbc.PgConnection@6ec3a4c2
2026-05-15T23:18:29.964+05:00  INFO 26632 --- [socratesai] [           main] com.zaxxer.hikari.HikariDataSource       : HikariPool-1 - Start completed.
2026-05-15T23:18:29.986+05:00  INFO 26632 --- [socratesai] [           main] org.flywaydb.core.FlywayExecutor         : Database: jdbc:postgresql://localhost:5433/socratesdb (PostgreSQL 16.11)
2026-05-15T23:18:30.032+05:00  INFO 26632 --- [socratesai] [           main] o.f.core.internal.command.DbValidate     : Successfully validated 6 migrations (execution time 00:00.023s)
2026-05-15T23:18:30.054+05:00  INFO 26632 --- [socratesai] [           main] o.f.core.internal.command.DbMigrate      : Current version of schema "public": 6
2026-05-15T23:18:30.054+05:00  INFO 26632 --- [socratesai] [           main] o.f.core.internal.command.DbMigrate      : Schema "public" is up to date. No migration necessary.
2026-05-15T23:18:30.197+05:00  INFO 26632 --- [socratesai] [           main] org.hibernate.orm.jpa                    : HHH008540: Processing PersistenceUnitInfo [name: default]
2026-05-15T23:18:30.256+05:00  INFO 26632 --- [socratesai] [           main] org.hibernate.orm.core                   : HHH000001: Hibernate ORM core version 7.2.7.Final
2026-05-15T23:18:30.616+05:00  INFO 26632 --- [socratesai] [           main] o.s.o.j.p.SpringPersistenceUnitInfo      : No LoadTimeWeaver setup: ignoring JPA class transformer
2026-05-15T23:18:30.709+05:00  INFO 26632 --- [socratesai] [           main] org.hibernate.orm.connections.pooling    : HHH10001005: Database info:
	Database JDBC URL [jdbc:postgresql://localhost:5433/socratesdb]
	Database driver: PostgreSQL JDBC Driver
	Database dialect: PostgreSQLDialect
	Database version: 16.11
	Default catalog/schema: socratesdb/public
	Autocommit mode: undefined/unknown
	Isolation level: READ_COMMITTED [default READ_COMMITTED]
	JDBC fetch size: none
	Pool: DataSourceConnectionProvider
	Minimum pool size: undefined/unknown
	Maximum pool size: undefined/unknown
2026-05-15T23:18:31.398+05:00  INFO 26632 --- [socratesai] [           main] org.hibernate.orm.core                   : HHH000489: No JTA platform available (set 'hibernate.transaction.jta.platform' to enable JTA platform integration)
2026-05-15T23:18:31.445+05:00  INFO 26632 --- [socratesai] [           main] j.LocalContainerEntityManagerFactoryBean : Initialized JPA EntityManagerFactory for persistence unit 'default'
2026-05-15T23:18:31.490+05:00  INFO 26632 --- [socratesai] [           main] o.s.d.j.r.query.QueryEnhancerFactories   : Hibernate is in classpath; If applicable, HQL parser will be used.
2026-05-15T23:18:31.662+05:00  INFO 26632 --- [socratesai] [           main] eAuthenticationProviderManagerConfigurer : Global AuthenticationManager configured with AuthenticationProvider bean with name authenticationProvider
2026-05-15T23:18:31.662+05:00  WARN 26632 --- [socratesai] [           main] r$InitializeUserDetailsManagerConfigurer : Global AuthenticationManager configured with an AuthenticationProvider bean. UserDetailsService beans will not be used by Spring Security for automatically configuring username/password login. Consider removing the AuthenticationProvider bean. Alternatively, consider using the UserDetailsService in a manually instantiated DaoAuthenticationProvider. If the current configuration is intentional, to turn off this warning, increase the logging level of 'org.springframework.security.config.annotation.authentication.configuration.InitializeUserDetailsBeanManagerConfigurer' to ERROR
2026-05-15T23:18:32.772+05:00  INFO 26632 --- [socratesai] [           main] o.s.b.a.e.web.EndpointLinksResolver      : Exposing 3 endpoints beneath base path '/actuator'
2026-05-15T23:18:32.837+05:00  INFO 26632 --- [socratesai] [           main] o.s.m.s.b.SimpleBrokerMessageHandler     : Starting...
2026-05-15T23:18:32.837+05:00  INFO 26632 --- [socratesai] [           main] o.s.m.s.b.SimpleBrokerMessageHandler     : BrokerAvailabilityEvent[available=true, SimpleBrokerMessageHandler [org.springframework.messaging.simp.broker.DefaultSubscriptionRegistry@364bbba9]]
2026-05-15T23:18:32.837+05:00  INFO 26632 --- [socratesai] [           main] o.s.m.s.b.SimpleBrokerMessageHandler     : Started.
2026-05-15T23:18:32.852+05:00  INFO 26632 --- [socratesai] [           main] o.s.boot.tomcat.TomcatWebServer          : Tomcat started on port 18080 (http) with context path '/'
2026-05-15T23:18:32.852+05:00  INFO 26632 --- [socratesai] [           main] c.m.socratesai.SocratesaiApplication     : Started SocratesaiApplication in 5.804 seconds (process running for 6.301)
2026-05-15T23:18:32.922+05:00  WARN 26632 --- [socratesai] [           main] o.s.core.events.SpringDocAppInitializer  : SpringDoc /v3/api-docs endpoint is enabled by default. To disable it in production, set the property 'springdoc.api-docs.enabled=false'
2026-05-15T23:18:32.922+05:00  WARN 26632 --- [socratesai] [           main] o.s.core.events.SpringDocAppInitializer  : SpringDoc /swagger-ui.html endpoint is enabled by default. To disable it in production, set the property 'springdoc.swagger-ui.enabled=false'
2026-05-15T23:18:33.641+05:00  INFO 26632 --- [socratesai] [io-18080-exec-1] o.a.c.c.C.[Tomcat].[localhost].[/]       : Initializing Spring DispatcherServlet 'dispatcherServlet'
2026-05-15T23:18:33.641+05:00  INFO 26632 --- [socratesai] [io-18080-exec-1] o.s.web.servlet.DispatcherServlet        : Initializing Servlet 'dispatcherServlet'
2026-05-15T23:18:33.641+05:00  INFO 26632 --- [socratesai] [io-18080-exec-1] o.s.web.servlet.DispatcherServlet        : Completed initialization in 0 ms
2026-05-15T23:18:49.907+05:00  WARN 26632 --- [socratesai] [io-18080-exec-6] c.m.s.mentor.policy.MentorPolicyService  : ML policy failed, falling back to rule selector: 422 Unprocessable Content: "{"detail":[{"type":"missing","loc":["body"],"msg":"Field required","input":null}]}"
2026-05-15T23:18:49.968+05:00  WARN 26632 --- [socratesai] [io-18080-exec-7] c.m.s.mentor.policy.MentorPolicyService  : ML policy failed, falling back to rule selector: 422 Unprocessable Content: "{"detail":[{"type":"missing","loc":["body"],"msg":"Field required","input":null}]}"
2026-05-15T23:18:50.008+05:00  WARN 26632 --- [socratesai] [io-18080-exec-8] c.m.s.mentor.policy.MentorPolicyService  : ML policy failed, falling back to rule selector: 422 Unprocessable Content: "{"detail":[{"type":"missing","loc":["body"],"msg":"Field required","input":null}]}"
2026-05-15T23:18:50.137+05:00  WARN 26632 --- [socratesai] [io-18080-exec-9] c.m.s.mentor.policy.MentorPolicyService  : ML policy failed, falling back to rule selector: 422 Unprocessable Content: "{"detail":[{"type":"missing","loc":["body"],"msg":"Field required","input":null}]}"
2026-05-15T23:18:50.185+05:00  WARN 26632 --- [socratesai] [o-18080-exec-10] c.m.s.mentor.policy.MentorPolicyService  : ML policy failed, falling back to rule selector: 422 Unprocessable Content: "{"detail":[{"type":"missing","loc":["body"],"msg":"Field required","input":null}]}"
2026-05-15T23:18:50.259+05:00  WARN 26632 --- [socratesai] [io-18080-exec-1] c.m.s.mentor.policy.MentorPolicyService  : ML policy failed, falling back to rule selector: 422 Unprocessable Content: "{"detail":[{"type":"missing","loc":["body"],"msg":"Field required","input":null}]}"
2026-05-15T23:18:50.311+05:00  WARN 26632 --- [socratesai] [io-18080-exec-2] c.m.s.mentor.policy.MentorPolicyService  : ML policy failed, falling back to rule selector: 422 Unprocessable Content: "{"detail":[{"type":"missing","loc":["body"],"msg":"Field required","input":null}]}"
2026-05-15T23:18:50.382+05:00  WARN 26632 --- [socratesai] [io-18080-exec-3] c.m.s.mentor.policy.MentorPolicyService  : ML policy failed, falling back to rule selector: 422 Unprocessable Content: "{"detail":[{"type":"missing","loc":["body"],"msg":"Field required","input":null}]}"
2026-05-15T23:18:50.471+05:00  WARN 26632 --- [socratesai] [io-18080-exec-4] c.m.s.mentor.policy.MentorPolicyService  : ML policy failed, falling back to rule selector: 422 Unprocessable Content: "{"detail":[{"type":"missing","loc":["body"],"msg":"Field required","input":null}]}"
2026-05-15T23:18:50.506+05:00  WARN 26632 --- [socratesai] [io-18080-exec-5] c.m.s.mentor.policy.MentorPolicyService  : ML policy failed, falling back to rule selector: 422 Unprocessable Content: "{"detail":[{"type":"missing","loc":["body"],"msg":"Field required","input":null}]}"
2026-05-15T23:18:50.564+05:00  WARN 26632 --- [socratesai] [io-18080-exec-6] c.m.s.mentor.policy.MentorPolicyService  : ML policy failed, falling back to rule selector: 422 Unprocessable Content: "{"detail":[{"type":"missing","loc":["body"],"msg":"Field required","input":null}]}"
2026-05-15T23:18:50.611+05:00  WARN 26632 --- [socratesai] [io-18080-exec-7] c.m.s.mentor.policy.MentorPolicyService  : ML policy failed, falling back to rule selector: 422 Unprocessable Content: "{"detail":[{"type":"missing","loc":["body"],"msg":"Field required","input":null}]}"
2026-05-15T23:18:50.671+05:00  WARN 26632 --- [socratesai] [io-18080-exec-8] c.m.s.mentor.policy.MentorPolicyService  : ML policy failed, falling back to rule selector: 422 Unprocessable Content: "{"detail":[{"type":"missing","loc":["body"],"msg":"Field required","input":null}]}"
2026-05-15T23:18:50.720+05:00  WARN 26632 --- [socratesai] [io-18080-exec-9] c.m.s.mentor.policy.MentorPolicyService  : ML policy failed, falling back to rule selector: 422 Unprocessable Content: "{"detail":[{"type":"missing","loc":["body"],"msg":"Field required","input":null}]}"
2026-05-15T23:18:50.790+05:00  WARN 26632 --- [socratesai] [o-18080-exec-10] c.m.s.mentor.policy.MentorPolicyService  : ML policy failed, falling back to rule selector: 422 Unprocessable Content: "{"detail":[{"type":"missing","loc":["body"],"msg":"Field required","input":null}]}"
2026-05-15T23:18:50.847+05:00  WARN 26632 --- [socratesai] [io-18080-exec-1] c.m.s.mentor.policy.MentorPolicyService  : ML policy failed, falling back to rule selector: 422 Unprocessable Content: "{"detail":[{"type":"missing","loc":["body"],"msg":"Field required","input":null}]}"
2026-05-15T23:18:50.883+05:00  WARN 26632 --- [socratesai] [io-18080-exec-2] c.m.s.mentor.policy.MentorPolicyService  : ML policy failed, falling back to rule selector: 422 Unprocessable Content: "{"detail":[{"type":"missing","loc":["body"],"msg":"Field required","input":null}]}"
2026-05-15T23:18:50.926+05:00  WARN 26632 --- [socratesai] [io-18080-exec-3] c.m.s.mentor.policy.MentorPolicyService  : ML policy failed, falling back to rule selector: 422 Unprocessable Content: "{"detail":[{"type":"missing","loc":["body"],"msg":"Field required","input":null}]}"
2026-05-15T23:18:50.968+05:00  WARN 26632 --- [socratesai] [io-18080-exec-4] c.m.s.mentor.policy.MentorPolicyService  : ML policy failed, falling back to rule selector: 422 Unprocessable Content: "{"detail":[{"type":"missing","loc":["body"],"msg":"Field required","input":null}]}"
2026-05-15T23:18:51.030+05:00  WARN 26632 --- [socratesai] [io-18080-exec-5] c.m.s.mentor.policy.MentorPolicyService  : ML policy failed, falling back to rule selector: 422 Unprocessable Content: "{"detail":[{"type":"missing","loc":["body"],"msg":"Field required","input":null}]}"
2026-05-15T23:18:51.087+05:00  WARN 26632 --- [socratesai] [io-18080-exec-6] c.m.s.mentor.policy.MentorPolicyService  : ML policy failed, falling back to rule selector: 422 Unprocessable Content: "{"detail":[{"type":"missing","loc":["body"],"msg":"Field required","input":null}]}"
2026-05-15T23:18:51.133+05:00  WARN 26632 --- [socratesai] [io-18080-exec-7] c.m.s.mentor.policy.MentorPolicyService  : ML policy failed, falling back to rule selector: 422 Unprocessable Content: "{"detail":[{"type":"missing","loc":["body"],"msg":"Field required","input":null}]}"
2026-05-15T23:18:51.169+05:00  WARN 26632 --- [socratesai] [io-18080-exec-8] c.m.s.mentor.policy.MentorPolicyService  : ML policy failed, falling back to rule selector: 422 Unprocessable Content: "{"detail":[{"type":"missing","loc":["body"],"msg":"Field required","input":null}]}"
2026-05-15T23:18:51.233+05:00  WARN 26632 --- [socratesai] [io-18080-exec-9] c.m.s.mentor.policy.MentorPolicyService  : ML policy failed, falling back to rule selector: 422 Unprocessable Content: "{"detail":[{"type":"missing","loc":["body"],"msg":"Field required","input":null}]}"
2026-05-15T23:18:51.294+05:00  WARN 26632 --- [socratesai] [o-18080-exec-10] c.m.s.mentor.policy.MentorPolicyService  : ML policy failed, falling back to rule selector: 422 Unprocessable Content: "{"detail":[{"type":"missing","loc":["body"],"msg":"Field required","input":null}]}"
2026-05-15T23:18:51.361+05:00  WARN 26632 --- [socratesai] [io-18080-exec-1] c.m.s.mentor.policy.MentorPolicyService  : ML policy failed, falling back to rule selector: 422 Unprocessable Content: "{"detail":[{"type":"missing","loc":["body"],"msg":"Field required","input":null}]}"
2026-05-15T23:18:51.420+05:00  WARN 26632 --- [socratesai] [io-18080-exec-2] c.m.s.mentor.policy.MentorPolicyService  : ML policy failed, falling back to rule selector: 422 Unprocessable Content: "{"detail":[{"type":"missing","loc":["body"],"msg":"Field required","input":null}]}"
2026-05-15T23:18:51.459+05:00  WARN 26632 --- [socratesai] [io-18080-exec-3] c.m.s.mentor.policy.MentorPolicyService  : ML policy failed, falling back to rule selector: 422 Unprocessable Content: "{"detail":[{"type":"missing","loc":["body"],"msg":"Field required","input":null}]}"
2026-05-15T23:18:51.490+05:00  WARN 26632 --- [socratesai] [io-18080-exec-4] c.m.s.mentor.policy.MentorPolicyService  : ML policy failed, falling back to rule selector: 422 Unprocessable Content: "{"detail":[{"type":"missing","loc":["body"],"msg":"Field required","input":null}]}"
2026-05-15T23:18:51.525+05:00  WARN 26632 --- [socratesai] [io-18080-exec-5] c.m.s.mentor.policy.MentorPolicyService  : ML policy failed, falling back to rule selector: 422 Unprocessable Content: "{"detail":[{"type":"missing","loc":["body"],"msg":"Field required","input":null}]}"
2026-05-15T23:18:51.562+05:00  WARN 26632 --- [socratesai] [io-18080-exec-6] c.m.s.mentor.policy.MentorPolicyService  : ML policy failed, falling back to rule selector: 422 Unprocessable Content: "{"detail":[{"type":"missing","loc":["body"],"msg":"Field required","input":null}]}"
2026-05-15T23:18:51.619+05:00  WARN 26632 --- [socratesai] [io-18080-exec-7] c.m.s.mentor.policy.MentorPolicyService  : ML policy failed, falling back to rule selector: 422 Unprocessable Content: "{"detail":[{"type":"missing","loc":["body"],"msg":"Field required","input":null}]}"
2026-05-15T23:18:51.677+05:00  WARN 26632 --- [socratesai] [io-18080-exec-8] c.m.s.mentor.policy.MentorPolicyService  : ML policy failed, falling back to rule selector: 422 Unprocessable Content: "{"detail":[{"type":"missing","loc":["body"],"msg":"Field required","input":null}]}"
2026-05-15T23:18:51.721+05:00  WARN 26632 --- [socratesai] [io-18080-exec-9] c.m.s.mentor.policy.MentorPolicyService  : ML policy failed, falling back to rule selector: 422 Unprocessable Content: "{"detail":[{"type":"missing","loc":["body"],"msg":"Field required","input":null}]}"
2026-05-15T23:18:51.778+05:00  WARN 26632 --- [socratesai] [o-18080-exec-10] c.m.s.mentor.policy.MentorPolicyService  : ML policy failed, falling back to rule selector: 422 Unprocessable Content: "{"detail":[{"type":"missing","loc":["body"],"msg":"Field required","input":null}]}"
2026-05-15T23:18:51.837+05:00  WARN 26632 --- [socratesai] [io-18080-exec-1] c.m.s.mentor.policy.MentorPolicyService  : ML policy failed, falling back to rule selector: 422 Unprocessable Content: "{"detail":[{"type":"missing","loc":["body"],"msg":"Field required","input":null}]}"
2026-05-15T23:18:51.898+05:00  WARN 26632 --- [socratesai] [io-18080-exec-2] c.m.s.mentor.policy.MentorPolicyService  : ML policy failed, falling back to rule selector: 422 Unprocessable Content: "{"detail":[{"type":"missing","loc":["body"],"msg":"Field required","input":null}]}"
2026-05-15T23:18:51.961+05:00  WARN 26632 --- [socratesai] [io-18080-exec-3] c.m.s.mentor.policy.MentorPolicyService  : ML policy failed, falling back to rule selector: 422 Unprocessable Content: "{"detail":[{"type":"missing","loc":["body"],"msg":"Field required","input":null}]}"
2026-05-15T23:18:52.021+05:00  WARN 26632 --- [socratesai] [io-18080-exec-4] c.m.s.mentor.policy.MentorPolicyService  : ML policy failed, falling back to rule selector: 422 Unprocessable Content: "{"detail":[{"type":"missing","loc":["body"],"msg":"Field required","input":null}]}"
2026-05-15T23:18:52.064+05:00  WARN 26632 --- [socratesai] [io-18080-exec-5] c.m.s.mentor.policy.MentorPolicyService  : ML policy failed, falling back to rule selector: 422 Unprocessable Content: "{"detail":[{"type":"missing","loc":["body"],"msg":"Field required","input":null}]}"
2026-05-15T23:18:52.094+05:00  WARN 26632 --- [socratesai] [io-18080-exec-6] c.m.s.mentor.policy.MentorPolicyService  : ML policy failed, falling back to rule selector: 422 Unprocessable Content: "{"detail":[{"type":"missing","loc":["body"],"msg":"Field required","input":null}]}"
2026-05-15T23:18:52.146+05:00  WARN 26632 --- [socratesai] [io-18080-exec-7] c.m.s.mentor.policy.MentorPolicyService  : ML policy failed, falling back to rule selector: 422 Unprocessable Content: "{"detail":[{"type":"missing","loc":["body"],"msg":"Field required","input":null}]}"
2026-05-15T23:18:52.209+05:00  WARN 26632 --- [socratesai] [io-18080-exec-8] c.m.s.mentor.policy.MentorPolicyService  : ML policy failed, falling back to rule selector: 422 Unprocessable Content: "{"detail":[{"type":"missing","loc":["body"],"msg":"Field required","input":null}]}"
2026-05-15T23:18:52.270+05:00  WARN 26632 --- [socratesai] [io-18080-exec-9] c.m.s.mentor.policy.MentorPolicyService  : ML policy failed, falling back to rule selector: 422 Unprocessable Content: "{"detail":[{"type":"missing","loc":["body"],"msg":"Field required","input":null}]}"
2026-05-15T23:18:52.318+05:00  WARN 26632 --- [socratesai] [o-18080-exec-10] c.m.s.mentor.policy.MentorPolicyService  : ML policy failed, falling back to rule selector: 422 Unprocessable Content: "{"detail":[{"type":"missing","loc":["body"],"msg":"Field required","input":null}]}"
2026-05-15T23:18:52.377+05:00  WARN 26632 --- [socratesai] [io-18080-exec-1] c.m.s.mentor.policy.MentorPolicyService  : ML policy failed, falling back to rule selector: 422 Unprocessable Content: "{"detail":[{"type":"missing","loc":["body"],"msg":"Field required","input":null}]}"
2026-05-15T23:18:52.417+05:00  WARN 26632 --- [socratesai] [io-18080-exec-2] c.m.s.mentor.policy.MentorPolicyService  : ML policy failed, falling back to rule selector: 422 Unprocessable Content: "{"detail":[{"type":"missing","loc":["body"],"msg":"Field required","input":null}]}"
2026-05-15T23:18:52.449+05:00  WARN 26632 --- [socratesai] [io-18080-exec-3] c.m.s.mentor.policy.MentorPolicyService  : ML policy failed, falling back to rule selector: 422 Unprocessable Content: "{"detail":[{"type":"missing","loc":["body"],"msg":"Field required","input":null}]}"
2026-05-15T23:18:52.500+05:00  WARN 26632 --- [socratesai] [io-18080-exec-4] c.m.s.mentor.policy.MentorPolicyService  : ML policy failed, falling back to rule selector: 422 Unprocessable Content: "{"detail":[{"type":"missing","loc":["body"],"msg":"Field required","input":null}]}"
2026-05-15T23:18:52.547+05:00  WARN 26632 --- [socratesai] [io-18080-exec-5] c.m.s.mentor.policy.MentorPolicyService  : ML policy failed, falling back to rule selector: 422 Unprocessable Content: "{"detail":[{"type":"missing","loc":["body"],"msg":"Field required","input":null}]}"
2026-05-15T23:18:52.601+05:00  WARN 26632 --- [socratesai] [io-18080-exec-6] c.m.s.mentor.policy.MentorPolicyService  : ML policy failed, falling back to rule selector: 422 Unprocessable Content: "{"detail":[{"type":"missing","loc":["body"],"msg":"Field required","input":null}]}"
2026-05-15T23:18:52.655+05:00  WARN 26632 --- [socratesai] [io-18080-exec-7] c.m.s.mentor.policy.MentorPolicyService  : ML policy failed, falling back to rule selector: 422 Unprocessable Content: "{"detail":[{"type":"missing","loc":["body"],"msg":"Field required","input":null}]}"
2026-05-15T23:18:52.687+05:00  WARN 26632 --- [socratesai] [io-18080-exec-8] c.m.s.mentor.policy.MentorPolicyService  : ML policy failed, falling back to rule selector: 422 Unprocessable Content: "{"detail":[{"type":"missing","loc":["body"],"msg":"Field required","input":null}]}"
2026-05-15T23:18:52.733+05:00  WARN 26632 --- [socratesai] [io-18080-exec-9] c.m.s.mentor.policy.MentorPolicyService  : ML policy failed, falling back to rule selector: 422 Unprocessable Content: "{"detail":[{"type":"missing","loc":["body"],"msg":"Field required","input":null}]}"
2026-05-15T23:18:52.784+05:00  WARN 26632 --- [socratesai] [o-18080-exec-10] c.m.s.mentor.policy.MentorPolicyService  : ML policy failed, falling back to rule selector: 422 Unprocessable Content: "{"detail":[{"type":"missing","loc":["body"],"msg":"Field required","input":null}]}"
2026-05-15T23:18:52.838+05:00  WARN 26632 --- [socratesai] [io-18080-exec-1] c.m.s.mentor.policy.MentorPolicyService  : ML policy failed, falling back to rule selector: 422 Unprocessable Content: "{"detail":[{"type":"missing","loc":["body"],"msg":"Field required","input":null}]}"
2026-05-15T23:18:52.909+05:00  WARN 26632 --- [socratesai] [io-18080-exec-2] c.m.s.mentor.policy.MentorPolicyService  : ML policy failed, falling back to rule selector: 422 Unprocessable Content: "{"detail":[{"type":"missing","loc":["body"],"msg":"Field required","input":null}]}"
2026-05-15T23:18:52.965+05:00  WARN 26632 --- [socratesai] [io-18080-exec-3] c.m.s.mentor.policy.MentorPolicyService  : ML policy failed, falling back to rule selector: 422 Unprocessable Content: "{"detail":[{"type":"missing","loc":["body"],"msg":"Field required","input":null}]}"
2026-05-15T23:18:53.012+05:00  WARN 26632 --- [socratesai] [io-18080-exec-4] c.m.s.mentor.policy.MentorPolicyService  : ML policy failed, falling back to rule selector: 422 Unprocessable Content: "{"detail":[{"type":"missing","loc":["body"],"msg":"Field required","input":null}]}"
2026-05-15T23:18:53.045+05:00  WARN 26632 --- [socratesai] [io-18080-exec-5] c.m.s.mentor.policy.MentorPolicyService  : ML policy failed, falling back to rule selector: 422 Unprocessable Content: "{"detail":[{"type":"missing","loc":["body"],"msg":"Field required","input":null}]}"
2026-05-15T23:18:53.122+05:00  WARN 26632 --- [socratesai] [io-18080-exec-6] c.m.s.mentor.policy.MentorPolicyService  : ML policy failed, falling back to rule selector: 422 Unprocessable Content: "{"detail":[{"type":"missing","loc":["body"],"msg":"Field required","input":null}]}"
2026-05-15T23:18:53.172+05:00  WARN 26632 --- [socratesai] [io-18080-exec-7] c.m.s.mentor.policy.MentorPolicyService  : ML policy failed, falling back to rule selector: 422 Unprocessable Content: "{"detail":[{"type":"missing","loc":["body"],"msg":"Field required","input":null}]}"
2026-05-15T23:18:53.238+05:00  WARN 26632 --- [socratesai] [io-18080-exec-8] c.m.s.mentor.policy.MentorPolicyService  : ML policy failed, falling back to rule selector: 422 Unprocessable Content: "{"detail":[{"type":"missing","loc":["body"],"msg":"Field required","input":null}]}"
2026-05-15T23:18:53.300+05:00  WARN 26632 --- [socratesai] [io-18080-exec-9] c.m.s.mentor.policy.MentorPolicyService  : ML policy failed, falling back to rule selector: 422 Unprocessable Content: "{"detail":[{"type":"missing","loc":["body"],"msg":"Field required","input":null}]}"
2026-05-15T23:18:53.368+05:00  WARN 26632 --- [socratesai] [o-18080-exec-10] c.m.s.mentor.policy.MentorPolicyService  : ML policy failed, falling back to rule selector: 422 Unprocessable Content: "{"detail":[{"type":"missing","loc":["body"],"msg":"Field required","input":null}]}"
2026-05-15T23:18:53.419+05:00  WARN 26632 --- [socratesai] [io-18080-exec-1] c.m.s.mentor.policy.MentorPolicyService  : ML policy failed, falling back to rule selector: 422 Unprocessable Content: "{"detail":[{"type":"missing","loc":["body"],"msg":"Field required","input":null}]}"
2026-05-15T23:18:53.451+05:00  WARN 26632 --- [socratesai] [io-18080-exec-2] c.m.s.mentor.policy.MentorPolicyService  : ML policy failed, falling back to rule selector: 422 Unprocessable Content: "{"detail":[{"type":"missing","loc":["body"],"msg":"Field required","input":null}]}"
2026-05-15T23:18:53.503+05:00  WARN 26632 --- [socratesai] [io-18080-exec-3] c.m.s.mentor.policy.MentorPolicyService  : ML policy failed, falling back to rule selector: 422 Unprocessable Content: "{"detail":[{"type":"missing","loc":["body"],"msg":"Field required","input":null}]}"
2026-05-15T23:18:53.570+05:00  WARN 26632 --- [socratesai] [io-18080-exec-4] c.m.s.mentor.policy.MentorPolicyService  : ML policy failed, falling back to rule selector: 422 Unprocessable Content: "{"detail":[{"type":"missing","loc":["body"],"msg":"Field required","input":null}]}"
2026-05-15T23:18:53.634+05:00  WARN 26632 --- [socratesai] [io-18080-exec-5] c.m.s.mentor.policy.MentorPolicyService  : ML policy failed, falling back to rule selector: 422 Unprocessable Content: "{"detail":[{"type":"missing","loc":["body"],"msg":"Field required","input":null}]}"
2026-05-15T23:18:53.689+05:00  WARN 26632 --- [socratesai] [io-18080-exec-6] c.m.s.mentor.policy.MentorPolicyService  : ML policy failed, falling back to rule selector: 422 Unprocessable Content: "{"detail":[{"type":"missing","loc":["body"],"msg":"Field required","input":null}]}"
2026-05-15T23:18:53.734+05:00  WARN 26632 --- [socratesai] [io-18080-exec-7] c.m.s.mentor.policy.MentorPolicyService  : ML policy failed, falling back to rule selector: 422 Unprocessable Content: "{"detail":[{"type":"missing","loc":["body"],"msg":"Field required","input":null}]}"
2026-05-15T23:18:53.784+05:00  WARN 26632 --- [socratesai] [io-18080-exec-8] c.m.s.mentor.policy.MentorPolicyService  : ML policy failed, falling back to rule selector: 422 Unprocessable Content: "{"detail":[{"type":"missing","loc":["body"],"msg":"Field required","input":null}]}"
2026-05-15T23:18:53.869+05:00  WARN 26632 --- [socratesai] [io-18080-exec-9] c.m.s.mentor.policy.MentorPolicyService  : ML policy failed, falling back to rule selector: 422 Unprocessable Content: "{"detail":[{"type":"missing","loc":["body"],"msg":"Field required","input":null}]}"
2026-05-15T23:18:53.922+05:00  WARN 26632 --- [socratesai] [o-18080-exec-10] c.m.s.mentor.policy.MentorPolicyService  : ML policy failed, falling back to rule selector: 422 Unprocessable Content: "{"detail":[{"type":"missing","loc":["body"],"msg":"Field required","input":null}]}"
2026-05-15T23:18:53.969+05:00  WARN 26632 --- [socratesai] [io-18080-exec-1] c.m.s.mentor.policy.MentorPolicyService  : ML policy failed, falling back to rule selector: 422 Unprocessable Content: "{"detail":[{"type":"missing","loc":["body"],"msg":"Field required","input":null}]}"
2026-05-15T23:18:54.014+05:00  WARN 26632 --- [socratesai] [io-18080-exec-2] c.m.s.mentor.policy.MentorPolicyService  : ML policy failed, falling back to rule selector: 422 Unprocessable Content: "{"detail":[{"type":"missing","loc":["body"],"msg":"Field required","input":null}]}"
2026-05-15T23:18:54.067+05:00  WARN 26632 --- [socratesai] [io-18080-exec-3] c.m.s.mentor.policy.MentorPolicyService  : ML policy failed, falling back to rule selector: 422 Unprocessable Content: "{"detail":[{"type":"missing","loc":["body"],"msg":"Field required","input":null}]}"
2026-05-15T23:18:54.120+05:00  WARN 26632 --- [socratesai] [io-18080-exec-4] c.m.s.mentor.policy.MentorPolicyService  : ML policy failed, falling back to rule selector: 422 Unprocessable Content: "{"detail":[{"type":"missing","loc":["body"],"msg":"Field required","input":null}]}"
2026-05-15T23:18:54.154+05:00  WARN 26632 --- [socratesai] [io-18080-exec-5] c.m.s.mentor.policy.MentorPolicyService  : ML policy failed, falling back to rule selector: 422 Unprocessable Content: "{"detail":[{"type":"missing","loc":["body"],"msg":"Field required","input":null}]}"
2026-05-15T23:18:54.189+05:00  WARN 26632 --- [socratesai] [io-18080-exec-6] c.m.s.mentor.policy.MentorPolicyService  : ML policy failed, falling back to rule selector: 422 Unprocessable Content: "{"detail":[{"type":"missing","loc":["body"],"msg":"Field required","input":null}]}"
2026-05-15T23:18:54.219+05:00  WARN 26632 --- [socratesai] [io-18080-exec-7] c.m.s.mentor.policy.MentorPolicyService  : ML policy failed, falling back to rule selector: 422 Unprocessable Content: "{"detail":[{"type":"missing","loc":["body"],"msg":"Field required","input":null}]}"
2026-05-15T23:18:54.257+05:00  WARN 26632 --- [socratesai] [io-18080-exec-8] c.m.s.mentor.policy.MentorPolicyService  : ML policy failed, falling back to rule selector: 422 Unprocessable Content: "{"detail":[{"type":"missing","loc":["body"],"msg":"Field required","input":null}]}"
2026-05-15T23:18:54.291+05:00  WARN 26632 --- [socratesai] [io-18080-exec-9] c.m.s.mentor.policy.MentorPolicyService  : ML policy failed, falling back to rule selector: 422 Unprocessable Content: "{"detail":[{"type":"missing","loc":["body"],"msg":"Field required","input":null}]}"
2026-05-15T23:18:54.326+05:00  WARN 26632 --- [socratesai] [o-18080-exec-10] c.m.s.mentor.policy.MentorPolicyService  : ML policy failed, falling back to rule selector: 422 Unprocessable Content: "{"detail":[{"type":"missing","loc":["body"],"msg":"Field required","input":null}]}"
2026-05-15T23:18:54.357+05:00  WARN 26632 --- [socratesai] [io-18080-exec-1] c.m.s.mentor.policy.MentorPolicyService  : ML policy failed, falling back to rule selector: 422 Unprocessable Content: "{"detail":[{"type":"missing","loc":["body"],"msg":"Field required","input":null}]}"
2026-05-15T23:18:54.401+05:00  WARN 26632 --- [socratesai] [io-18080-exec-2] c.m.s.mentor.policy.MentorPolicyService  : ML policy failed, falling back to rule selector: 422 Unprocessable Content: "{"detail":[{"type":"missing","loc":["body"],"msg":"Field required","input":null}]}"
2026-05-15T23:18:54.449+05:00  WARN 26632 --- [socratesai] [io-18080-exec-3] c.m.s.mentor.policy.MentorPolicyService  : ML policy failed, falling back to rule selector: 422 Unprocessable Content: "{"detail":[{"type":"missing","loc":["body"],"msg":"Field required","input":null}]}"
2026-05-15T23:18:54.483+05:00  WARN 26632 --- [socratesai] [io-18080-exec-4] c.m.s.mentor.policy.MentorPolicyService  : ML policy failed, falling back to rule selector: 422 Unprocessable Content: "{"detail":[{"type":"missing","loc":["body"],"msg":"Field required","input":null}]}"
2026-05-15T23:18:54.524+05:00  WARN 26632 --- [socratesai] [io-18080-exec-5] c.m.s.mentor.policy.MentorPolicyService  : ML policy failed, falling back to rule selector: 422 Unprocessable Content: "{"detail":[{"type":"missing","loc":["body"],"msg":"Field required","input":null}]}"
2026-05-15T23:18:54.552+05:00  WARN 26632 --- [socratesai] [io-18080-exec-6] c.m.s.mentor.policy.MentorPolicyService  : ML policy failed, falling back to rule selector: 422 Unprocessable Content: "{"detail":[{"type":"missing","loc":["body"],"msg":"Field required","input":null}]}"
2026-05-15T23:18:54.588+05:00  WARN 26632 --- [socratesai] [io-18080-exec-7] c.m.s.mentor.policy.MentorPolicyService  : ML policy failed, falling back to rule selector: 422 Unprocessable Content: "{"detail":[{"type":"missing","loc":["body"],"msg":"Field required","input":null}]}"
2026-05-15T23:18:54.632+05:00  WARN 26632 --- [socratesai] [io-18080-exec-8] c.m.s.mentor.policy.MentorPolicyService  : ML policy failed, falling back to rule selector: 422 Unprocessable Content: "{"detail":[{"type":"missing","loc":["body"],"msg":"Field required","input":null}]}"
2026-05-15T23:18:54.665+05:00  WARN 26632 --- [socratesai] [io-18080-exec-9] c.m.s.mentor.policy.MentorPolicyService  : ML policy failed, falling back to rule selector: 422 Unprocessable Content: "{"detail":[{"type":"missing","loc":["body"],"msg":"Field required","input":null}]}"
2026-05-15T23:18:54.723+05:00  WARN 26632 --- [socratesai] [o-18080-exec-10] c.m.s.mentor.policy.MentorPolicyService  : ML policy failed, falling back to rule selector: 422 Unprocessable Content: "{"detail":[{"type":"missing","loc":["body"],"msg":"Field required","input":null}]}"
2026-05-15T23:18:54.767+05:00  WARN 26632 --- [socratesai] [io-18080-exec-1] c.m.s.mentor.policy.MentorPolicyService  : ML policy failed, falling back to rule selector: 422 Unprocessable Content: "{"detail":[{"type":"missing","loc":["body"],"msg":"Field required","input":null}]}"
2026-05-15T23:18:54.809+05:00  WARN 26632 --- [socratesai] [io-18080-exec-2] c.m.s.mentor.policy.MentorPolicyService  : ML policy failed, falling back to rule selector: 422 Unprocessable Content: "{"detail":[{"type":"missing","loc":["body"],"msg":"Field required","input":null}]}"
2026-05-15T23:18:54.858+05:00  WARN 26632 --- [socratesai] [io-18080-exec-3] c.m.s.mentor.policy.MentorPolicyService  : ML policy failed, falling back to rule selector: 422 Unprocessable Content: "{"detail":[{"type":"missing","loc":["body"],"msg":"Field required","input":null}]}"
2026-05-15T23:18:54.909+05:00  WARN 26632 --- [socratesai] [io-18080-exec-4] c.m.s.mentor.policy.MentorPolicyService  : ML policy failed, falling back to rule selector: 422 Unprocessable Content: "{"detail":[{"type":"missing","loc":["body"],"msg":"Field required","input":null}]}"
2026-05-15T23:18:54.953+05:00  WARN 26632 --- [socratesai] [io-18080-exec-5] c.m.s.mentor.policy.MentorPolicyService  : ML policy failed, falling back to rule selector: 422 Unprocessable Content: "{"detail":[{"type":"missing","loc":["body"],"msg":"Field required","input":null}]}"
