
  .   ____          _            __ _ _
 /\\ / ___'_ __ _ _(_)_ __  __ _ \ \ \ \
( ( )\___ | '_ | '_| | '_ \/ _` | \ \ \ \
 \\/  ___)| |_)| | | | | || (_| |  ) ) ) )
  '  |____| .__|_| |_|_| |_\__, | / / / /
 =========|_|==============|___/=/_/_/_/

 :: Spring Boot ::                (v4.0.5)

2026-05-18T10:58:22.450+05:00  INFO 21240 --- [socratesai] [           main] c.m.socratesai.SocratesaiApplication     : Starting SocratesaiApplication v0.0.1-SNAPSHOT using Java 21.0.3 with PID 21240 (C:\Users\Koshikov\Desktop\socratesai\target\socratesai-0.0.1-SNAPSHOT.jar started by Koshikov in C:\Users\Koshikov\Desktop\socratesai)
2026-05-18T10:58:22.453+05:00  INFO 21240 --- [socratesai] [           main] c.m.socratesai.SocratesaiApplication     : No active profile set, falling back to 1 default profile: "default"
2026-05-18T10:58:23.559+05:00  INFO 21240 --- [socratesai] [           main] .s.d.r.c.RepositoryConfigurationDelegate : Bootstrapping Spring Data JPA repositories in DEFAULT mode.
2026-05-18T10:58:23.607+05:00  INFO 21240 --- [socratesai] [           main] .s.d.r.c.RepositoryConfigurationDelegate : Finished Spring Data repository scanning in 40 ms. Found 5 JPA repository interfaces.
2026-05-18T10:58:24.447+05:00  INFO 21240 --- [socratesai] [           main] o.s.boot.tomcat.TomcatWebServer          : Tomcat initialized with port 18080 (http)
2026-05-18T10:58:24.467+05:00  INFO 21240 --- [socratesai] [           main] o.apache.catalina.core.StandardService   : Starting service [Tomcat]
2026-05-18T10:58:24.468+05:00  INFO 21240 --- [socratesai] [           main] o.apache.catalina.core.StandardEngine    : Starting Servlet engine: [Apache Tomcat/11.0.20]
2026-05-18T10:58:24.503+05:00  INFO 21240 --- [socratesai] [           main] b.w.c.s.WebApplicationContextInitializer : Root WebApplicationContext: initialization completed in 1969 ms
2026-05-18T10:58:24.896+05:00  INFO 21240 --- [socratesai] [           main] com.zaxxer.hikari.HikariDataSource       : HikariPool-1 - Starting...
2026-05-18T10:58:25.052+05:00  INFO 21240 --- [socratesai] [           main] com.zaxxer.hikari.pool.HikariPool        : HikariPool-1 - Added connection org.postgresql.jdbc.PgConnection@6ec3a4c2
2026-05-18T10:58:25.053+05:00  INFO 21240 --- [socratesai] [           main] com.zaxxer.hikari.HikariDataSource       : HikariPool-1 - Start completed.
2026-05-18T10:58:25.079+05:00  INFO 21240 --- [socratesai] [           main] org.flywaydb.core.FlywayExecutor         : Database: jdbc:postgresql://localhost:5433/socratesdb (PostgreSQL 16.11)
2026-05-18T10:58:25.125+05:00  INFO 21240 --- [socratesai] [           main] o.f.core.internal.command.DbValidate     : Successfully validated 6 migrations (execution time 00:00.023s)
2026-05-18T10:58:25.150+05:00  INFO 21240 --- [socratesai] [           main] o.f.core.internal.command.DbMigrate      : Current version of schema "public": 6
2026-05-18T10:58:25.153+05:00  INFO 21240 --- [socratesai] [           main] o.f.core.internal.command.DbMigrate      : Schema "public" is up to date. No migration necessary.
2026-05-18T10:58:25.288+05:00  INFO 21240 --- [socratesai] [           main] org.hibernate.orm.jpa                    : HHH008540: Processing PersistenceUnitInfo [name: default]
2026-05-18T10:58:25.350+05:00  INFO 21240 --- [socratesai] [           main] org.hibernate.orm.core                   : HHH000001: Hibernate ORM core version 7.2.7.Final
2026-05-18T10:58:25.718+05:00  INFO 21240 --- [socratesai] [           main] o.s.o.j.p.SpringPersistenceUnitInfo      : No LoadTimeWeaver setup: ignoring JPA class transformer
2026-05-18T10:58:25.789+05:00  INFO 21240 --- [socratesai] [           main] org.hibernate.orm.connections.pooling    : HHH10001005: Database info:
	Database JDBC URL [jdbc:postgresql://localhost:5433/socratesdb]
	Database driver: PostgreSQL JDBC Driver
	Database dialect: PostgreSQLDialect
	Database version: 16.11
	Default catalog/schema: socratesdb/public
	Autocommit mode: undefined/unknown
	Isolation level: READ_COMMITTED [default READ_COMMITTED]
	JDBC fetch size: none
	Pool: DataSourceConnectionProvider
	Minimum pool size: undefined/unknown
	Maximum pool size: undefined/unknown
2026-05-18T10:58:26.490+05:00  INFO 21240 --- [socratesai] [           main] org.hibernate.orm.core                   : HHH000489: No JTA platform available (set 'hibernate.transaction.jta.platform' to enable JTA platform integration)
2026-05-18T10:58:26.535+05:00  INFO 21240 --- [socratesai] [           main] j.LocalContainerEntityManagerFactoryBean : Initialized JPA EntityManagerFactory for persistence unit 'default'
2026-05-18T10:58:26.580+05:00  INFO 21240 --- [socratesai] [           main] o.s.d.j.r.query.QueryEnhancerFactories   : Hibernate is in classpath; If applicable, HQL parser will be used.
2026-05-18T10:58:26.758+05:00  INFO 21240 --- [socratesai] [           main] eAuthenticationProviderManagerConfigurer : Global AuthenticationManager configured with AuthenticationProvider bean with name authenticationProvider
2026-05-18T10:58:26.759+05:00  WARN 21240 --- [socratesai] [           main] r$InitializeUserDetailsManagerConfigurer : Global AuthenticationManager configured with an AuthenticationProvider bean. UserDetailsService beans will not be used by Spring Security for automatically configuring username/password login. Consider removing the AuthenticationProvider bean. Alternatively, consider using the UserDetailsService in a manually instantiated DaoAuthenticationProvider. If the current configuration is intentional, to turn off this warning, increase the logging level of 'org.springframework.security.config.annotation.authentication.configuration.InitializeUserDetailsBeanManagerConfigurer' to ERROR
2026-05-18T10:58:27.833+05:00  INFO 21240 --- [socratesai] [           main] o.s.b.a.e.web.EndpointLinksResolver      : Exposing 3 endpoints beneath base path '/actuator'
2026-05-18T10:58:27.880+05:00  INFO 21240 --- [socratesai] [           main] o.s.m.s.b.SimpleBrokerMessageHandler     : Starting...
2026-05-18T10:58:27.881+05:00  INFO 21240 --- [socratesai] [           main] o.s.m.s.b.SimpleBrokerMessageHandler     : BrokerAvailabilityEvent[available=true, SimpleBrokerMessageHandler [org.springframework.messaging.simp.broker.DefaultSubscriptionRegistry@141962b8]]
2026-05-18T10:58:27.881+05:00  INFO 21240 --- [socratesai] [           main] o.s.m.s.b.SimpleBrokerMessageHandler     : Started.
2026-05-18T10:58:27.891+05:00  INFO 21240 --- [socratesai] [           main] o.s.boot.tomcat.TomcatWebServer          : Tomcat started on port 18080 (http) with context path '/'
2026-05-18T10:58:27.898+05:00  INFO 21240 --- [socratesai] [           main] c.m.socratesai.SocratesaiApplication     : Started SocratesaiApplication in 5.936 seconds (process running for 6.487)
2026-05-18T10:58:27.947+05:00  WARN 21240 --- [socratesai] [           main] o.s.core.events.SpringDocAppInitializer  : SpringDoc /v3/api-docs endpoint is enabled by default. To disable it in production, set the property 'springdoc.api-docs.enabled=false'
2026-05-18T10:58:27.947+05:00  WARN 21240 --- [socratesai] [           main] o.s.core.events.SpringDocAppInitializer  : SpringDoc /swagger-ui.html endpoint is enabled by default. To disable it in production, set the property 'springdoc.swagger-ui.enabled=false'
2026-05-18T10:58:28.525+05:00  INFO 21240 --- [socratesai] [io-18080-exec-1] o.a.c.c.C.[Tomcat].[localhost].[/]       : Initializing Spring DispatcherServlet 'dispatcherServlet'
2026-05-18T10:58:28.528+05:00  INFO 21240 --- [socratesai] [io-18080-exec-1] o.s.web.servlet.DispatcherServlet        : Initializing Servlet 'dispatcherServlet'
2026-05-18T10:58:28.530+05:00  INFO 21240 --- [socratesai] [io-18080-exec-1] o.s.web.servlet.DispatcherServlet        : Completed initialization in 1 ms
2026-05-18T10:58:38.242+05:00  WARN 21240 --- [socratesai] [io-18080-exec-3] c.m.s.mentor.policy.MentorPolicyService  : ML policy failed, falling back to rule selector: 422 Unprocessable Content: "{"detail":[{"type":"missing","loc":["body"],"msg":"Field required","input":null}]}"
2026-05-18T10:58:38.374+05:00  WARN 21240 --- [socratesai] [io-18080-exec-2] c.m.s.mentor.policy.MentorPolicyService  : ML policy failed, falling back to rule selector: 422 Unprocessable Content: "{"detail":[{"type":"missing","loc":["body"],"msg":"Field required","input":null}]}"
2026-05-18T10:58:38.462+05:00  WARN 21240 --- [socratesai] [io-18080-exec-6] c.m.s.mentor.policy.MentorPolicyService  : ML policy failed, falling back to rule selector: 422 Unprocessable Content: "{"detail":[{"type":"missing","loc":["body"],"msg":"Field required","input":null}]}"
2026-05-18T10:58:38.519+05:00  WARN 21240 --- [socratesai] [io-18080-exec-7] c.m.s.mentor.policy.MentorPolicyService  : ML policy failed, falling back to rule selector: 422 Unprocessable Content: "{"detail":[{"type":"missing","loc":["body"],"msg":"Field required","input":null}]}"
2026-05-18T10:58:38.571+05:00  WARN 21240 --- [socratesai] [io-18080-exec-8] c.m.s.mentor.policy.MentorPolicyService  : ML policy failed, falling back to rule selector: 422 Unprocessable Content: "{"detail":[{"type":"missing","loc":["body"],"msg":"Field required","input":null}]}"
2026-05-18T10:58:38.620+05:00  WARN 21240 --- [socratesai] [o-18080-exec-10] c.m.s.mentor.policy.MentorPolicyService  : ML policy failed, falling back to rule selector: 422 Unprocessable Content: "{"detail":[{"type":"missing","loc":["body"],"msg":"Field required","input":null}]}"
2026-05-18T10:58:38.676+05:00  WARN 21240 --- [socratesai] [io-18080-exec-4] c.m.s.mentor.policy.MentorPolicyService  : ML policy failed, falling back to rule selector: 422 Unprocessable Content: "{"detail":[{"type":"missing","loc":["body"],"msg":"Field required","input":null}]}"
2026-05-18T10:58:38.725+05:00  WARN 21240 --- [socratesai] [io-18080-exec-1] c.m.s.mentor.policy.MentorPolicyService  : ML policy failed, falling back to rule selector: 422 Unprocessable Content: "{"detail":[{"type":"missing","loc":["body"],"msg":"Field required","input":null}]}"
2026-05-18T10:58:38.772+05:00  WARN 21240 --- [socratesai] [io-18080-exec-5] c.m.s.mentor.policy.MentorPolicyService  : ML policy failed, falling back to rule selector: 422 Unprocessable Content: "{"detail":[{"type":"missing","loc":["body"],"msg":"Field required","input":null}]}"
2026-05-18T10:58:38.834+05:00  WARN 21240 --- [socratesai] [io-18080-exec-9] c.m.s.mentor.policy.MentorPolicyService  : ML policy failed, falling back to rule selector: 422 Unprocessable Content: "{"detail":[{"type":"missing","loc":["body"],"msg":"Field required","input":null}]}"
2026-05-18T10:58:38.889+05:00  WARN 21240 --- [socratesai] [io-18080-exec-3] c.m.s.mentor.policy.MentorPolicyService  : ML policy failed, falling back to rule selector: 422 Unprocessable Content: "{"detail":[{"type":"missing","loc":["body"],"msg":"Field required","input":null}]}"
2026-05-18T10:58:38.930+05:00  WARN 21240 --- [socratesai] [io-18080-exec-2] c.m.s.mentor.policy.MentorPolicyService  : ML policy failed, falling back to rule selector: 422 Unprocessable Content: "{"detail":[{"type":"missing","loc":["body"],"msg":"Field required","input":null}]}"
2026-05-18T10:58:38.998+05:00  WARN 21240 --- [socratesai] [io-18080-exec-6] c.m.s.mentor.policy.MentorPolicyService  : ML policy failed, falling back to rule selector: 422 Unprocessable Content: "{"detail":[{"type":"missing","loc":["body"],"msg":"Field required","input":null}]}"
2026-05-18T10:58:39.066+05:00  WARN 21240 --- [socratesai] [io-18080-exec-7] c.m.s.mentor.policy.MentorPolicyService  : ML policy failed, falling back to rule selector: 422 Unprocessable Content: "{"detail":[{"type":"missing","loc":["body"],"msg":"Field required","input":null}]}"
2026-05-18T10:58:39.127+05:00  WARN 21240 --- [socratesai] [io-18080-exec-8] c.m.s.mentor.policy.MentorPolicyService  : ML policy failed, falling back to rule selector: 422 Unprocessable Content: "{"detail":[{"type":"missing","loc":["body"],"msg":"Field required","input":null}]}"
2026-05-18T10:58:39.184+05:00  WARN 21240 --- [socratesai] [o-18080-exec-10] c.m.s.mentor.policy.MentorPolicyService  : ML policy failed, falling back to rule selector: 422 Unprocessable Content: "{"detail":[{"type":"missing","loc":["body"],"msg":"Field required","input":null}]}"
2026-05-18T10:58:39.226+05:00  WARN 21240 --- [socratesai] [io-18080-exec-4] c.m.s.mentor.policy.MentorPolicyService  : ML policy failed, falling back to rule selector: 422 Unprocessable Content: "{"detail":[{"type":"missing","loc":["body"],"msg":"Field required","input":null}]}"
2026-05-18T10:58:39.268+05:00  WARN 21240 --- [socratesai] [io-18080-exec-1] c.m.s.mentor.policy.MentorPolicyService  : ML policy failed, falling back to rule selector: 422 Unprocessable Content: "{"detail":[{"type":"missing","loc":["body"],"msg":"Field required","input":null}]}"
2026-05-18T10:58:39.306+05:00  WARN 21240 --- [socratesai] [io-18080-exec-5] c.m.s.mentor.policy.MentorPolicyService  : ML policy failed, falling back to rule selector: 422 Unprocessable Content: "{"detail":[{"type":"missing","loc":["body"],"msg":"Field required","input":null}]}"
2026-05-18T10:58:39.367+05:00  WARN 21240 --- [socratesai] [io-18080-exec-9] c.m.s.mentor.policy.MentorPolicyService  : ML policy failed, falling back to rule selector: 422 Unprocessable Content: "{"detail":[{"type":"missing","loc":["body"],"msg":"Field required","input":null}]}"
2026-05-18T10:58:39.408+05:00  WARN 21240 --- [socratesai] [io-18080-exec-3] c.m.s.mentor.policy.MentorPolicyService  : ML policy failed, falling back to rule selector: 422 Unprocessable Content: "{"detail":[{"type":"missing","loc":["body"],"msg":"Field required","input":null}]}"
2026-05-18T10:58:39.461+05:00  WARN 21240 --- [socratesai] [io-18080-exec-2] c.m.s.mentor.policy.MentorPolicyService  : ML policy failed, falling back to rule selector: 422 Unprocessable Content: "{"detail":[{"type":"missing","loc":["body"],"msg":"Field required","input":null}]}"
2026-05-18T10:58:39.525+05:00  WARN 21240 --- [socratesai] [io-18080-exec-6] c.m.s.mentor.policy.MentorPolicyService  : ML policy failed, falling back to rule selector: 422 Unprocessable Content: "{"detail":[{"type":"missing","loc":["body"],"msg":"Field required","input":null}]}"
2026-05-18T10:58:39.570+05:00  WARN 21240 --- [socratesai] [io-18080-exec-7] c.m.s.mentor.policy.MentorPolicyService  : ML policy failed, falling back to rule selector: 422 Unprocessable Content: "{"detail":[{"type":"missing","loc":["body"],"msg":"Field required","input":null}]}"
2026-05-18T10:58:39.627+05:00  WARN 21240 --- [socratesai] [io-18080-exec-8] c.m.s.mentor.policy.MentorPolicyService  : ML policy failed, falling back to rule selector: 422 Unprocessable Content: "{"detail":[{"type":"missing","loc":["body"],"msg":"Field required","input":null}]}"
2026-05-18T10:58:39.691+05:00  WARN 21240 --- [socratesai] [o-18080-exec-10] c.m.s.mentor.policy.MentorPolicyService  : ML policy failed, falling back to rule selector: 422 Unprocessable Content: "{"detail":[{"type":"missing","loc":["body"],"msg":"Field required","input":null}]}"
2026-05-18T10:58:39.733+05:00  WARN 21240 --- [socratesai] [io-18080-exec-4] c.m.s.mentor.policy.MentorPolicyService  : ML policy failed, falling back to rule selector: 422 Unprocessable Content: "{"detail":[{"type":"missing","loc":["body"],"msg":"Field required","input":null}]}"
2026-05-18T10:58:39.806+05:00  WARN 21240 --- [socratesai] [io-18080-exec-1] c.m.s.mentor.policy.MentorPolicyService  : ML policy failed, falling back to rule selector: 422 Unprocessable Content: "{"detail":[{"type":"missing","loc":["body"],"msg":"Field required","input":null}]}"
2026-05-18T10:58:39.859+05:00  WARN 21240 --- [socratesai] [io-18080-exec-5] c.m.s.mentor.policy.MentorPolicyService  : ML policy failed, falling back to rule selector: 422 Unprocessable Content: "{"detail":[{"type":"missing","loc":["body"],"msg":"Field required","input":null}]}"
2026-05-18T10:58:39.920+05:00  WARN 21240 --- [socratesai] [io-18080-exec-9] c.m.s.mentor.policy.MentorPolicyService  : ML policy failed, falling back to rule selector: 422 Unprocessable Content: "{"detail":[{"type":"missing","loc":["body"],"msg":"Field required","input":null}]}"
2026-05-18T10:58:39.961+05:00  WARN 21240 --- [socratesai] [io-18080-exec-3] c.m.s.mentor.policy.MentorPolicyService  : ML policy failed, falling back to rule selector: 422 Unprocessable Content: "{"detail":[{"type":"missing","loc":["body"],"msg":"Field required","input":null}]}"
2026-05-18T10:58:40.004+05:00  WARN 21240 --- [socratesai] [io-18080-exec-2] c.m.s.mentor.policy.MentorPolicyService  : ML policy failed, falling back to rule selector: 422 Unprocessable Content: "{"detail":[{"type":"missing","loc":["body"],"msg":"Field required","input":null}]}"
2026-05-18T10:58:40.057+05:00  WARN 21240 --- [socratesai] [io-18080-exec-6] c.m.s.mentor.policy.MentorPolicyService  : ML policy failed, falling back to rule selector: 422 Unprocessable Content: "{"detail":[{"type":"missing","loc":["body"],"msg":"Field required","input":null}]}"
2026-05-18T10:58:40.125+05:00  WARN 21240 --- [socratesai] [io-18080-exec-7] c.m.s.mentor.policy.MentorPolicyService  : ML policy failed, falling back to rule selector: 422 Unprocessable Content: "{"detail":[{"type":"missing","loc":["body"],"msg":"Field required","input":null}]}"
2026-05-18T10:58:40.175+05:00  WARN 21240 --- [socratesai] [io-18080-exec-8] c.m.s.mentor.policy.MentorPolicyService  : ML policy failed, falling back to rule selector: 422 Unprocessable Content: "{"detail":[{"type":"missing","loc":["body"],"msg":"Field required","input":null}]}"
2026-05-18T10:58:40.226+05:00  WARN 21240 --- [socratesai] [o-18080-exec-10] c.m.s.mentor.policy.MentorPolicyService  : ML policy failed, falling back to rule selector: 422 Unprocessable Content: "{"detail":[{"type":"missing","loc":["body"],"msg":"Field required","input":null}]}"
2026-05-18T10:58:40.286+05:00  WARN 21240 --- [socratesai] [io-18080-exec-4] c.m.s.mentor.policy.MentorPolicyService  : ML policy failed, falling back to rule selector: 422 Unprocessable Content: "{"detail":[{"type":"missing","loc":["body"],"msg":"Field required","input":null}]}"
2026-05-18T10:58:40.348+05:00  WARN 21240 --- [socratesai] [io-18080-exec-1] c.m.s.mentor.policy.MentorPolicyService  : ML policy failed, falling back to rule selector: 422 Unprocessable Content: "{"detail":[{"type":"missing","loc":["body"],"msg":"Field required","input":null}]}"
2026-05-18T10:58:40.407+05:00  WARN 21240 --- [socratesai] [io-18080-exec-5] c.m.s.mentor.policy.MentorPolicyService  : ML policy failed, falling back to rule selector: 422 Unprocessable Content: "{"detail":[{"type":"missing","loc":["body"],"msg":"Field required","input":null}]}"
2026-05-18T10:58:40.455+05:00  WARN 21240 --- [socratesai] [io-18080-exec-9] c.m.s.mentor.policy.MentorPolicyService  : ML policy failed, falling back to rule selector: 422 Unprocessable Content: "{"detail":[{"type":"missing","loc":["body"],"msg":"Field required","input":null}]}"
2026-05-18T10:58:40.503+05:00  WARN 21240 --- [socratesai] [io-18080-exec-3] c.m.s.mentor.policy.MentorPolicyService  : ML policy failed, falling back to rule selector: 422 Unprocessable Content: "{"detail":[{"type":"missing","loc":["body"],"msg":"Field required","input":null}]}"
2026-05-18T10:58:40.564+05:00  WARN 21240 --- [socratesai] [io-18080-exec-2] c.m.s.mentor.policy.MentorPolicyService  : ML policy failed, falling back to rule selector: 422 Unprocessable Content: "{"detail":[{"type":"missing","loc":["body"],"msg":"Field required","input":null}]}"
2026-05-18T10:58:40.626+05:00  WARN 21240 --- [socratesai] [io-18080-exec-6] c.m.s.mentor.policy.MentorPolicyService  : ML policy failed, falling back to rule selector: 422 Unprocessable Content: "{"detail":[{"type":"missing","loc":["body"],"msg":"Field required","input":null}]}"
2026-05-18T10:58:40.687+05:00  WARN 21240 --- [socratesai] [io-18080-exec-7] c.m.s.mentor.policy.MentorPolicyService  : ML policy failed, falling back to rule selector: 422 Unprocessable Content: "{"detail":[{"type":"missing","loc":["body"],"msg":"Field required","input":null}]}"
2026-05-18T10:58:40.746+05:00  WARN 21240 --- [socratesai] [io-18080-exec-8] c.m.s.mentor.policy.MentorPolicyService  : ML policy failed, falling back to rule selector: 422 Unprocessable Content: "{"detail":[{"type":"missing","loc":["body"],"msg":"Field required","input":null}]}"
2026-05-18T10:58:40.792+05:00  WARN 21240 --- [socratesai] [o-18080-exec-10] c.m.s.mentor.policy.MentorPolicyService  : ML policy failed, falling back to rule selector: 422 Unprocessable Content: "{"detail":[{"type":"missing","loc":["body"],"msg":"Field required","input":null}]}"
2026-05-18T10:58:40.839+05:00  WARN 21240 --- [socratesai] [io-18080-exec-4] c.m.s.mentor.policy.MentorPolicyService  : ML policy failed, falling back to rule selector: 422 Unprocessable Content: "{"detail":[{"type":"missing","loc":["body"],"msg":"Field required","input":null}]}"
2026-05-18T10:58:40.884+05:00  WARN 21240 --- [socratesai] [io-18080-exec-1] c.m.s.mentor.policy.MentorPolicyService  : ML policy failed, falling back to rule selector: 422 Unprocessable Content: "{"detail":[{"type":"missing","loc":["body"],"msg":"Field required","input":null}]}"
2026-05-18T10:58:40.930+05:00  WARN 21240 --- [socratesai] [io-18080-exec-5] c.m.s.mentor.policy.MentorPolicyService  : ML policy failed, falling back to rule selector: 422 Unprocessable Content: "{"detail":[{"type":"missing","loc":["body"],"msg":"Field required","input":null}]}"
2026-05-18T10:58:40.976+05:00  WARN 21240 --- [socratesai] [io-18080-exec-9] c.m.s.mentor.policy.MentorPolicyService  : ML policy failed, falling back to rule selector: 422 Unprocessable Content: "{"detail":[{"type":"missing","loc":["body"],"msg":"Field required","input":null}]}"
2026-05-18T10:58:41.011+05:00  WARN 21240 --- [socratesai] [io-18080-exec-3] c.m.s.mentor.policy.MentorPolicyService  : ML policy failed, falling back to rule selector: 422 Unprocessable Content: "{"detail":[{"type":"missing","loc":["body"],"msg":"Field required","input":null}]}"
2026-05-18T10:58:41.067+05:00  WARN 21240 --- [socratesai] [io-18080-exec-2] c.m.s.mentor.policy.MentorPolicyService  : ML policy failed, falling back to rule selector: 422 Unprocessable Content: "{"detail":[{"type":"missing","loc":["body"],"msg":"Field required","input":null}]}"
2026-05-18T10:58:41.115+05:00  WARN 21240 --- [socratesai] [io-18080-exec-6] c.m.s.mentor.policy.MentorPolicyService  : ML policy failed, falling back to rule selector: 422 Unprocessable Content: "{"detail":[{"type":"missing","loc":["body"],"msg":"Field required","input":null}]}"
2026-05-18T10:58:41.173+05:00  WARN 21240 --- [socratesai] [io-18080-exec-7] c.m.s.mentor.policy.MentorPolicyService  : ML policy failed, falling back to rule selector: 422 Unprocessable Content: "{"detail":[{"type":"missing","loc":["body"],"msg":"Field required","input":null}]}"
2026-05-18T10:58:41.241+05:00  WARN 21240 --- [socratesai] [io-18080-exec-8] c.m.s.mentor.policy.MentorPolicyService  : ML policy failed, falling back to rule selector: 422 Unprocessable Content: "{"detail":[{"type":"missing","loc":["body"],"msg":"Field required","input":null}]}"
2026-05-18T10:58:41.300+05:00  WARN 21240 --- [socratesai] [o-18080-exec-10] c.m.s.mentor.policy.MentorPolicyService  : ML policy failed, falling back to rule selector: 422 Unprocessable Content: "{"detail":[{"type":"missing","loc":["body"],"msg":"Field required","input":null}]}"
2026-05-18T10:58:41.361+05:00  WARN 21240 --- [socratesai] [io-18080-exec-4] c.m.s.mentor.policy.MentorPolicyService  : ML policy failed, falling back to rule selector: 422 Unprocessable Content: "{"detail":[{"type":"missing","loc":["body"],"msg":"Field required","input":null}]}"
2026-05-18T10:58:41.408+05:00  WARN 21240 --- [socratesai] [io-18080-exec-1] c.m.s.mentor.policy.MentorPolicyService  : ML policy failed, falling back to rule selector: 422 Unprocessable Content: "{"detail":[{"type":"missing","loc":["body"],"msg":"Field required","input":null}]}"
2026-05-18T10:58:41.452+05:00  WARN 21240 --- [socratesai] [io-18080-exec-5] c.m.s.mentor.policy.MentorPolicyService  : ML policy failed, falling back to rule selector: 422 Unprocessable Content: "{"detail":[{"type":"missing","loc":["body"],"msg":"Field required","input":null}]}"
2026-05-18T10:58:41.499+05:00  WARN 21240 --- [socratesai] [io-18080-exec-9] c.m.s.mentor.policy.MentorPolicyService  : ML policy failed, falling back to rule selector: 422 Unprocessable Content: "{"detail":[{"type":"missing","loc":["body"],"msg":"Field required","input":null}]}"
2026-05-18T10:58:41.541+05:00  WARN 21240 --- [socratesai] [io-18080-exec-3] c.m.s.mentor.policy.MentorPolicyService  : ML policy failed, falling back to rule selector: 422 Unprocessable Content: "{"detail":[{"type":"missing","loc":["body"],"msg":"Field required","input":null}]}"
2026-05-18T10:58:41.575+05:00  WARN 21240 --- [socratesai] [io-18080-exec-2] c.m.s.mentor.policy.MentorPolicyService  : ML policy failed, falling back to rule selector: 422 Unprocessable Content: "{"detail":[{"type":"missing","loc":["body"],"msg":"Field required","input":null}]}"
2026-05-18T10:58:41.622+05:00  WARN 21240 --- [socratesai] [io-18080-exec-6] c.m.s.mentor.policy.MentorPolicyService  : ML policy failed, falling back to rule selector: 422 Unprocessable Content: "{"detail":[{"type":"missing","loc":["body"],"msg":"Field required","input":null}]}"
2026-05-18T10:58:41.658+05:00  WARN 21240 --- [socratesai] [io-18080-exec-7] c.m.s.mentor.policy.MentorPolicyService  : ML policy failed, falling back to rule selector: 422 Unprocessable Content: "{"detail":[{"type":"missing","loc":["body"],"msg":"Field required","input":null}]}"
2026-05-18T10:58:41.697+05:00  WARN 21240 --- [socratesai] [io-18080-exec-8] c.m.s.mentor.policy.MentorPolicyService  : ML policy failed, falling back to rule selector: 422 Unprocessable Content: "{"detail":[{"type":"missing","loc":["body"],"msg":"Field required","input":null}]}"
2026-05-18T10:58:41.741+05:00  WARN 21240 --- [socratesai] [o-18080-exec-10] c.m.s.mentor.policy.MentorPolicyService  : ML policy failed, falling back to rule selector: 422 Unprocessable Content: "{"detail":[{"type":"missing","loc":["body"],"msg":"Field required","input":null}]}"
2026-05-18T10:58:41.772+05:00  WARN 21240 --- [socratesai] [io-18080-exec-4] c.m.s.mentor.policy.MentorPolicyService  : ML policy failed, falling back to rule selector: 422 Unprocessable Content: "{"detail":[{"type":"missing","loc":["body"],"msg":"Field required","input":null}]}"
2026-05-18T10:58:41.804+05:00  WARN 21240 --- [socratesai] [io-18080-exec-1] c.m.s.mentor.policy.MentorPolicyService  : ML policy failed, falling back to rule selector: 422 Unprocessable Content: "{"detail":[{"type":"missing","loc":["body"],"msg":"Field required","input":null}]}"
2026-05-18T10:58:41.854+05:00  WARN 21240 --- [socratesai] [io-18080-exec-5] c.m.s.mentor.policy.MentorPolicyService  : ML policy failed, falling back to rule selector: 422 Unprocessable Content: "{"detail":[{"type":"missing","loc":["body"],"msg":"Field required","input":null}]}"
2026-05-18T10:58:41.897+05:00  WARN 21240 --- [socratesai] [io-18080-exec-9] c.m.s.mentor.policy.MentorPolicyService  : ML policy failed, falling back to rule selector: 422 Unprocessable Content: "{"detail":[{"type":"missing","loc":["body"],"msg":"Field required","input":null}]}"
2026-05-18T10:58:41.930+05:00  WARN 21240 --- [socratesai] [io-18080-exec-3] c.m.s.mentor.policy.MentorPolicyService  : ML policy failed, falling back to rule selector: 422 Unprocessable Content: "{"detail":[{"type":"missing","loc":["body"],"msg":"Field required","input":null}]}"
2026-05-18T10:58:41.975+05:00  WARN 21240 --- [socratesai] [io-18080-exec-2] c.m.s.mentor.policy.MentorPolicyService  : ML policy failed, falling back to rule selector: 422 Unprocessable Content: "{"detail":[{"type":"missing","loc":["body"],"msg":"Field required","input":null}]}"
2026-05-18T10:58:42.048+05:00  WARN 21240 --- [socratesai] [io-18080-exec-6] c.m.s.mentor.policy.MentorPolicyService  : ML policy failed, falling back to rule selector: 422 Unprocessable Content: "{"detail":[{"type":"missing","loc":["body"],"msg":"Field required","input":null}]}"
2026-05-18T10:58:42.099+05:00  WARN 21240 --- [socratesai] [io-18080-exec-7] c.m.s.mentor.policy.MentorPolicyService  : ML policy failed, falling back to rule selector: 422 Unprocessable Content: "{"detail":[{"type":"missing","loc":["body"],"msg":"Field required","input":null}]}"
2026-05-18T10:58:42.152+05:00  WARN 21240 --- [socratesai] [io-18080-exec-8] c.m.s.mentor.policy.MentorPolicyService  : ML policy failed, falling back to rule selector: 422 Unprocessable Content: "{"detail":[{"type":"missing","loc":["body"],"msg":"Field required","input":null}]}"
2026-05-18T10:58:42.208+05:00  WARN 21240 --- [socratesai] [o-18080-exec-10] c.m.s.mentor.policy.MentorPolicyService  : ML policy failed, falling back to rule selector: 422 Unprocessable Content: "{"detail":[{"type":"missing","loc":["body"],"msg":"Field required","input":null}]}"
2026-05-18T10:58:42.255+05:00  WARN 21240 --- [socratesai] [io-18080-exec-4] c.m.s.mentor.policy.MentorPolicyService  : ML policy failed, falling back to rule selector: 422 Unprocessable Content: "{"detail":[{"type":"missing","loc":["body"],"msg":"Field required","input":null}]}"
2026-05-18T10:58:42.297+05:00  WARN 21240 --- [socratesai] [io-18080-exec-1] c.m.s.mentor.policy.MentorPolicyService  : ML policy failed, falling back to rule selector: 422 Unprocessable Content: "{"detail":[{"type":"missing","loc":["body"],"msg":"Field required","input":null}]}"
2026-05-18T10:58:42.344+05:00  WARN 21240 --- [socratesai] [io-18080-exec-5] c.m.s.mentor.policy.MentorPolicyService  : ML policy failed, falling back to rule selector: 422 Unprocessable Content: "{"detail":[{"type":"missing","loc":["body"],"msg":"Field required","input":null}]}"
2026-05-18T10:58:42.392+05:00  WARN 21240 --- [socratesai] [io-18080-exec-9] c.m.s.mentor.policy.MentorPolicyService  : ML policy failed, falling back to rule selector: 422 Unprocessable Content: "{"detail":[{"type":"missing","loc":["body"],"msg":"Field required","input":null}]}"
2026-05-18T10:58:42.426+05:00  WARN 21240 --- [socratesai] [io-18080-exec-3] c.m.s.mentor.policy.MentorPolicyService  : ML policy failed, falling back to rule selector: 422 Unprocessable Content: "{"detail":[{"type":"missing","loc":["body"],"msg":"Field required","input":null}]}"
2026-05-18T10:58:42.458+05:00  WARN 21240 --- [socratesai] [io-18080-exec-2] c.m.s.mentor.policy.MentorPolicyService  : ML policy failed, falling back to rule selector: 422 Unprocessable Content: "{"detail":[{"type":"missing","loc":["body"],"msg":"Field required","input":null}]}"
2026-05-18T10:58:42.512+05:00  WARN 21240 --- [socratesai] [io-18080-exec-6] c.m.s.mentor.policy.MentorPolicyService  : ML policy failed, falling back to rule selector: 422 Unprocessable Content: "{"detail":[{"type":"missing","loc":["body"],"msg":"Field required","input":null}]}"
2026-05-18T10:58:42.561+05:00  WARN 21240 --- [socratesai] [io-18080-exec-7] c.m.s.mentor.policy.MentorPolicyService  : ML policy failed, falling back to rule selector: 422 Unprocessable Content: "{"detail":[{"type":"missing","loc":["body"],"msg":"Field required","input":null}]}"
2026-05-18T10:58:42.592+05:00  WARN 21240 --- [socratesai] [io-18080-exec-8] c.m.s.mentor.policy.MentorPolicyService  : ML policy failed, falling back to rule selector: 422 Unprocessable Content: "{"detail":[{"type":"missing","loc":["body"],"msg":"Field required","input":null}]}"
2026-05-18T10:58:42.651+05:00  WARN 21240 --- [socratesai] [o-18080-exec-10] c.m.s.mentor.policy.MentorPolicyService  : ML policy failed, falling back to rule selector: 422 Unprocessable Content: "{"detail":[{"type":"missing","loc":["body"],"msg":"Field required","input":null}]}"
2026-05-18T10:58:42.697+05:00  WARN 21240 --- [socratesai] [io-18080-exec-4] c.m.s.mentor.policy.MentorPolicyService  : ML policy failed, falling back to rule selector: 422 Unprocessable Content: "{"detail":[{"type":"missing","loc":["body"],"msg":"Field required","input":null}]}"
2026-05-18T10:58:42.741+05:00  WARN 21240 --- [socratesai] [io-18080-exec-1] c.m.s.mentor.policy.MentorPolicyService  : ML policy failed, falling back to rule selector: 422 Unprocessable Content: "{"detail":[{"type":"missing","loc":["body"],"msg":"Field required","input":null}]}"
2026-05-18T10:58:42.788+05:00  WARN 21240 --- [socratesai] [io-18080-exec-5] c.m.s.mentor.policy.MentorPolicyService  : ML policy failed, falling back to rule selector: 422 Unprocessable Content: "{"detail":[{"type":"missing","loc":["body"],"msg":"Field required","input":null}]}"
2026-05-18T10:58:42.833+05:00  WARN 21240 --- [socratesai] [io-18080-exec-9] c.m.s.mentor.policy.MentorPolicyService  : ML policy failed, falling back to rule selector: 422 Unprocessable Content: "{"detail":[{"type":"missing","loc":["body"],"msg":"Field required","input":null}]}"
2026-05-18T10:58:42.879+05:00  WARN 21240 --- [socratesai] [io-18080-exec-3] c.m.s.mentor.policy.MentorPolicyService  : ML policy failed, falling back to rule selector: 422 Unprocessable Content: "{"detail":[{"type":"missing","loc":["body"],"msg":"Field required","input":null}]}"
2026-05-18T10:58:42.928+05:00  WARN 21240 --- [socratesai] [io-18080-exec-2] c.m.s.mentor.policy.MentorPolicyService  : ML policy failed, falling back to rule selector: 422 Unprocessable Content: "{"detail":[{"type":"missing","loc":["body"],"msg":"Field required","input":null}]}"
2026-05-18T10:58:42.972+05:00  WARN 21240 --- [socratesai] [io-18080-exec-6] c.m.s.mentor.policy.MentorPolicyService  : ML policy failed, falling back to rule selector: 422 Unprocessable Content: "{"detail":[{"type":"missing","loc":["body"],"msg":"Field required","input":null}]}"
2026-05-18T10:58:43.019+05:00  WARN 21240 --- [socratesai] [io-18080-exec-7] c.m.s.mentor.policy.MentorPolicyService  : ML policy failed, falling back to rule selector: 422 Unprocessable Content: "{"detail":[{"type":"missing","loc":["body"],"msg":"Field required","input":null}]}"
2026-05-18T10:58:43.056+05:00  WARN 21240 --- [socratesai] [io-18080-exec-8] c.m.s.mentor.policy.MentorPolicyService  : ML policy failed, falling back to rule selector: 422 Unprocessable Content: "{"detail":[{"type":"missing","loc":["body"],"msg":"Field required","input":null}]}"
2026-05-18T10:58:43.115+05:00  WARN 21240 --- [socratesai] [o-18080-exec-10] c.m.s.mentor.policy.MentorPolicyService  : ML policy failed, falling back to rule selector: 422 Unprocessable Content: "{"detail":[{"type":"missing","loc":["body"],"msg":"Field required","input":null}]}"
2026-05-18T10:58:43.171+05:00  WARN 21240 --- [socratesai] [io-18080-exec-4] c.m.s.mentor.policy.MentorPolicyService  : ML policy failed, falling back to rule selector: 422 Unprocessable Content: "{"detail":[{"type":"missing","loc":["body"],"msg":"Field required","input":null}]}"
2026-05-18T10:58:43.217+05:00  WARN 21240 --- [socratesai] [io-18080-exec-1] c.m.s.mentor.policy.MentorPolicyService  : ML policy failed, falling back to rule selector: 422 Unprocessable Content: "{"detail":[{"type":"missing","loc":["body"],"msg":"Field required","input":null}]}"
2026-05-18T10:58:43.264+05:00  WARN 21240 --- [socratesai] [io-18080-exec-5] c.m.s.mentor.policy.MentorPolicyService  : ML policy failed, falling back to rule selector: 422 Unprocessable Content: "{"detail":[{"type":"missing","loc":["body"],"msg":"Field required","input":null}]}"
2026-05-18T10:58:43.312+05:00  WARN 21240 --- [socratesai] [io-18080-exec-9] c.m.s.mentor.policy.MentorPolicyService  : ML policy failed, falling back to rule selector: 422 Unprocessable Content: "{"detail":[{"type":"missing","loc":["body"],"msg":"Field required","input":null}]}"
2026-05-18T10:58:43.340+05:00  WARN 21240 --- [socratesai] [io-18080-exec-3] c.m.s.mentor.policy.MentorPolicyService  : ML policy failed, falling back to rule selector: 422 Unprocessable Content: "{"detail":[{"type":"missing","loc":["body"],"msg":"Field required","input":null}]}"
2026-05-18T10:58:43.387+05:00  WARN 21240 --- [socratesai] [io-18080-exec-2] c.m.s.mentor.policy.MentorPolicyService  : ML policy failed, falling back to rule selector: 422 Unprocessable Content: "{"detail":[{"type":"missing","loc":["body"],"msg":"Field required","input":null}]}"
2026-05-18T10:58:43.416+05:00  WARN 21240 --- [socratesai] [io-18080-exec-6] c.m.s.mentor.policy.MentorPolicyService  : ML policy failed, falling back to rule selector: 422 Unprocessable Content: "{"detail":[{"type":"missing","loc":["body"],"msg":"Field required","input":null}]}"
2026-05-18T10:58:43.465+05:00  WARN 21240 --- [socratesai] [io-18080-exec-7] c.m.s.mentor.policy.MentorPolicyService  : ML policy failed, falling back to rule selector: 422 Unprocessable Content: "{"detail":[{"type":"missing","loc":["body"],"msg":"Field required","input":null}]}"
2026-05-18T10:58:43.508+05:00  WARN 21240 --- [socratesai] [io-18080-exec-8] c.m.s.mentor.policy.MentorPolicyService  : ML policy failed, falling back to rule selector: 422 Unprocessable Content: "{"detail":[{"type":"missing","loc":["body"],"msg":"Field required","input":null}]}"
2026-05-18T10:58:43.555+05:00  WARN 21240 --- [socratesai] [o-18080-exec-10] c.m.s.mentor.policy.MentorPolicyService  : ML policy failed, falling back to rule selector: 422 Unprocessable Content: "{"detail":[{"type":"missing","loc":["body"],"msg":"Field required","input":null}]}"
2026-05-18T10:58:43.599+05:00  WARN 21240 --- [socratesai] [io-18080-exec-4] c.m.s.mentor.policy.MentorPolicyService  : ML policy failed, falling back to rule selector: 422 Unprocessable Content: "{"detail":[{"type":"missing","loc":["body"],"msg":"Field required","input":null}]}"
2026-05-18T10:58:43.647+05:00  WARN 21240 --- [socratesai] [io-18080-exec-1] c.m.s.mentor.policy.MentorPolicyService  : ML policy failed, falling back to rule selector: 422 Unprocessable Content: "{"detail":[{"type":"missing","loc":["body"],"msg":"Field required","input":null}]}"
2026-05-18T10:58:43.695+05:00  WARN 21240 --- [socratesai] [io-18080-exec-5] c.m.s.mentor.policy.MentorPolicyService  : ML policy failed, falling back to rule selector: 422 Unprocessable Content: "{"detail":[{"type":"missing","loc":["body"],"msg":"Field required","input":null}]}"
2026-05-18T10:58:43.729+05:00  WARN 21240 --- [socratesai] [io-18080-exec-9] c.m.s.mentor.policy.MentorPolicyService  : ML policy failed, falling back to rule selector: 422 Unprocessable Content: "{"detail":[{"type":"missing","loc":["body"],"msg":"Field required","input":null}]}"
2026-05-18T10:58:43.771+05:00  WARN 21240 --- [socratesai] [io-18080-exec-3] c.m.s.mentor.policy.MentorPolicyService  : ML policy failed, falling back to rule selector: 422 Unprocessable Content: "{"detail":[{"type":"missing","loc":["body"],"msg":"Field required","input":null}]}"
2026-05-18T10:58:43.816+05:00  WARN 21240 --- [socratesai] [io-18080-exec-2] c.m.s.mentor.policy.MentorPolicyService  : ML policy failed, falling back to rule selector: 422 Unprocessable Content: "{"detail":[{"type":"missing","loc":["body"],"msg":"Field required","input":null}]}"
2026-05-18T10:58:43.861+05:00  WARN 21240 --- [socratesai] [io-18080-exec-6] c.m.s.mentor.policy.MentorPolicyService  : ML policy failed, falling back to rule selector: 422 Unprocessable Content: "{"detail":[{"type":"missing","loc":["body"],"msg":"Field required","input":null}]}"
2026-05-18T10:58:43.909+05:00  WARN 21240 --- [socratesai] [io-18080-exec-7] c.m.s.mentor.policy.MentorPolicyService  : ML policy failed, falling back to rule selector: 422 Unprocessable Content: "{"detail":[{"type":"missing","loc":["body"],"msg":"Field required","input":null}]}"
2026-05-18T10:58:43.937+05:00  WARN 21240 --- [socratesai] [io-18080-exec-8] c.m.s.mentor.policy.MentorPolicyService  : ML policy failed, falling back to rule selector: 422 Unprocessable Content: "{"detail":[{"type":"missing","loc":["body"],"msg":"Field required","input":null}]}"
2026-05-18T10:58:43.986+05:00  WARN 21240 --- [socratesai] [o-18080-exec-10] c.m.s.mentor.policy.MentorPolicyService  : ML policy failed, falling back to rule selector: 422 Unprocessable Content: "{"detail":[{"type":"missing","loc":["body"],"msg":"Field required","input":null}]}"
2026-05-18T10:58:44.042+05:00  WARN 21240 --- [socratesai] [io-18080-exec-4] c.m.s.mentor.policy.MentorPolicyService  : ML policy failed, falling back to rule selector: 422 Unprocessable Content: "{"detail":[{"type":"missing","loc":["body"],"msg":"Field required","input":null}]}"
2026-05-18T10:58:44.116+05:00  WARN 21240 --- [socratesai] [io-18080-exec-1] c.m.s.mentor.policy.MentorPolicyService  : ML policy failed, falling back to rule selector: 422 Unprocessable Content: "{"detail":[{"type":"missing","loc":["body"],"msg":"Field required","input":null}]}"
2026-05-18T10:58:44.146+05:00  WARN 21240 --- [socratesai] [io-18080-exec-5] c.m.s.mentor.policy.MentorPolicyService  : ML policy failed, falling back to rule selector: 422 Unprocessable Content: "{"detail":[{"type":"missing","loc":["body"],"msg":"Field required","input":null}]}"
2026-05-18T10:58:44.204+05:00  WARN 21240 --- [socratesai] [io-18080-exec-9] c.m.s.mentor.policy.MentorPolicyService  : ML policy failed, falling back to rule selector: 422 Unprocessable Content: "{"detail":[{"type":"missing","loc":["body"],"msg":"Field required","input":null}]}"
2026-05-18T10:58:44.245+05:00  WARN 21240 --- [socratesai] [io-18080-exec-3] c.m.s.mentor.policy.MentorPolicyService  : ML policy failed, falling back to rule selector: 422 Unprocessable Content: "{"detail":[{"type":"missing","loc":["body"],"msg":"Field required","input":null}]}"
2026-05-18T10:58:44.292+05:00  WARN 21240 --- [socratesai] [io-18080-exec-2] c.m.s.mentor.policy.MentorPolicyService  : ML policy failed, falling back to rule selector: 422 Unprocessable Content: "{"detail":[{"type":"missing","loc":["body"],"msg":"Field required","input":null}]}"
2026-05-18T10:58:44.340+05:00  WARN 21240 --- [socratesai] [io-18080-exec-6] c.m.s.mentor.policy.MentorPolicyService  : ML policy failed, falling back to rule selector: 422 Unprocessable Content: "{"detail":[{"type":"missing","loc":["body"],"msg":"Field required","input":null}]}"
2026-05-18T10:58:44.368+05:00  WARN 21240 --- [socratesai] [io-18080-exec-7] c.m.s.mentor.policy.MentorPolicyService  : ML policy failed, falling back to rule selector: 422 Unprocessable Content: "{"detail":[{"type":"missing","loc":["body"],"msg":"Field required","input":null}]}"
2026-05-18T10:58:44.417+05:00  WARN 21240 --- [socratesai] [io-18080-exec-8] c.m.s.mentor.policy.MentorPolicyService  : ML policy failed, falling back to rule selector: 422 Unprocessable Content: "{"detail":[{"type":"missing","loc":["body"],"msg":"Field required","input":null}]}"
2026-05-18T10:58:44.446+05:00  WARN 21240 --- [socratesai] [o-18080-exec-10] c.m.s.mentor.policy.MentorPolicyService  : ML policy failed, falling back to rule selector: 422 Unprocessable Content: "{"detail":[{"type":"missing","loc":["body"],"msg":"Field required","input":null}]}"
2026-05-18T10:58:44.476+05:00  WARN 21240 --- [socratesai] [io-18080-exec-4] c.m.s.mentor.policy.MentorPolicyService  : ML policy failed, falling back to rule selector: 422 Unprocessable Content: "{"detail":[{"type":"missing","loc":["body"],"msg":"Field required","input":null}]}"
2026-05-18T10:58:44.529+05:00  WARN 21240 --- [socratesai] [io-18080-exec-1] c.m.s.mentor.policy.MentorPolicyService  : ML policy failed, falling back to rule selector: 422 Unprocessable Content: "{"detail":[{"type":"missing","loc":["body"],"msg":"Field required","input":null}]}"
2026-05-18T10:58:44.585+05:00  WARN 21240 --- [socratesai] [io-18080-exec-5] c.m.s.mentor.policy.MentorPolicyService  : ML policy failed, falling back to rule selector: 422 Unprocessable Content: "{"detail":[{"type":"missing","loc":["body"],"msg":"Field required","input":null}]}"
2026-05-18T10:58:44.632+05:00  WARN 21240 --- [socratesai] [io-18080-exec-9] c.m.s.mentor.policy.MentorPolicyService  : ML policy failed, falling back to rule selector: 422 Unprocessable Content: "{"detail":[{"type":"missing","loc":["body"],"msg":"Field required","input":null}]}"
2026-05-18T10:58:44.677+05:00  WARN 21240 --- [socratesai] [io-18080-exec-3] c.m.s.mentor.policy.MentorPolicyService  : ML policy failed, falling back to rule selector: 422 Unprocessable Content: "{"detail":[{"type":"missing","loc":["body"],"msg":"Field required","input":null}]}"
2026-05-18T10:58:44.724+05:00  WARN 21240 --- [socratesai] [io-18080-exec-2] c.m.s.mentor.policy.MentorPolicyService  : ML policy failed, falling back to rule selector: 422 Unprocessable Content: "{"detail":[{"type":"missing","loc":["body"],"msg":"Field required","input":null}]}"
2026-05-18T10:58:44.768+05:00  WARN 21240 --- [socratesai] [io-18080-exec-6] c.m.s.mentor.policy.MentorPolicyService  : ML policy failed, falling back to rule selector: 422 Unprocessable Content: "{"detail":[{"type":"missing","loc":["body"],"msg":"Field required","input":null}]}"
2026-05-18T10:58:44.815+05:00  WARN 21240 --- [socratesai] [io-18080-exec-7] c.m.s.mentor.policy.MentorPolicyService  : ML policy failed, falling back to rule selector: 422 Unprocessable Content: "{"detail":[{"type":"missing","loc":["body"],"msg":"Field required","input":null}]}"
2026-05-18T10:58:44.864+05:00  WARN 21240 --- [socratesai] [io-18080-exec-8] c.m.s.mentor.policy.MentorPolicyService  : ML policy failed, falling back to rule selector: 422 Unprocessable Content: "{"detail":[{"type":"missing","loc":["body"],"msg":"Field required","input":null}]}"
2026-05-18T10:58:44.893+05:00  WARN 21240 --- [socratesai] [o-18080-exec-10] c.m.s.mentor.policy.MentorPolicyService  : ML policy failed, falling back to rule selector: 422 Unprocessable Content: "{"detail":[{"type":"missing","loc":["body"],"msg":"Field required","input":null}]}"
2026-05-18T10:58:44.940+05:00  WARN 21240 --- [socratesai] [io-18080-exec-4] c.m.s.mentor.policy.MentorPolicyService  : ML policy failed, falling back to rule selector: 422 Unprocessable Content: "{"detail":[{"type":"missing","loc":["body"],"msg":"Field required","input":null}]}"
2026-05-18T10:58:44.992+05:00  WARN 21240 --- [socratesai] [io-18080-exec-1] c.m.s.mentor.policy.MentorPolicyService  : ML policy failed, falling back to rule selector: 422 Unprocessable Content: "{"detail":[{"type":"missing","loc":["body"],"msg":"Field required","input":null}]}"
2026-05-18T10:58:45.046+05:00  WARN 21240 --- [socratesai] [io-18080-exec-5] c.m.s.mentor.policy.MentorPolicyService  : ML policy failed, falling back to rule selector: 422 Unprocessable Content: "{"detail":[{"type":"missing","loc":["body"],"msg":"Field required","input":null}]}"
2026-05-18T10:58:45.094+05:00  WARN 21240 --- [socratesai] [io-18080-exec-9] c.m.s.mentor.policy.MentorPolicyService  : ML policy failed, falling back to rule selector: 422 Unprocessable Content: "{"detail":[{"type":"missing","loc":["body"],"msg":"Field required","input":null}]}"
2026-05-18T10:58:45.147+05:00  WARN 21240 --- [socratesai] [io-18080-exec-3] c.m.s.mentor.policy.MentorPolicyService  : ML policy failed, falling back to rule selector: 422 Unprocessable Content: "{"detail":[{"type":"missing","loc":["body"],"msg":"Field required","input":null}]}"
2026-05-18T10:58:45.202+05:00  WARN 21240 --- [socratesai] [io-18080-exec-2] c.m.s.mentor.policy.MentorPolicyService  : ML policy failed, falling back to rule selector: 422 Unprocessable Content: "{"detail":[{"type":"missing","loc":["body"],"msg":"Field required","input":null}]}"
2026-05-18T10:58:45.247+05:00  WARN 21240 --- [socratesai] [io-18080-exec-6] c.m.s.mentor.policy.MentorPolicyService  : ML policy failed, falling back to rule selector: 422 Unprocessable Content: "{"detail":[{"type":"missing","loc":["body"],"msg":"Field required","input":null}]}"
2026-05-18T10:58:45.278+05:00  WARN 21240 --- [socratesai] [io-18080-exec-7] c.m.s.mentor.policy.MentorPolicyService  : ML policy failed, falling back to rule selector: 422 Unprocessable Content: "{"detail":[{"type":"missing","loc":["body"],"msg":"Field required","input":null}]}"
2026-05-18T10:58:45.326+05:00  WARN 21240 --- [socratesai] [io-18080-exec-8] c.m.s.mentor.policy.MentorPolicyService  : ML policy failed, falling back to rule selector: 422 Unprocessable Content: "{"detail":[{"type":"missing","loc":["body"],"msg":"Field required","input":null}]}"
2026-05-18T10:58:45.370+05:00  WARN 21240 --- [socratesai] [o-18080-exec-10] c.m.s.mentor.policy.MentorPolicyService  : ML policy failed, falling back to rule selector: 422 Unprocessable Content: "{"detail":[{"type":"missing","loc":["body"],"msg":"Field required","input":null}]}"
2026-05-18T10:58:45.421+05:00  WARN 21240 --- [socratesai] [io-18080-exec-4] c.m.s.mentor.policy.MentorPolicyService  : ML policy failed, falling back to rule selector: 422 Unprocessable Content: "{"detail":[{"type":"missing","loc":["body"],"msg":"Field required","input":null}]}"
2026-05-18T10:58:45.451+05:00  WARN 21240 --- [socratesai] [io-18080-exec-1] c.m.s.mentor.policy.MentorPolicyService  : ML policy failed, falling back to rule selector: 422 Unprocessable Content: "{"detail":[{"type":"missing","loc":["body"],"msg":"Field required","input":null}]}"
2026-05-18T10:58:45.496+05:00  WARN 21240 --- [socratesai] [io-18080-exec-5] c.m.s.mentor.policy.MentorPolicyService  : ML policy failed, falling back to rule selector: 422 Unprocessable Content: "{"detail":[{"type":"missing","loc":["body"],"msg":"Field required","input":null}]}"
2026-05-18T10:58:45.541+05:00  WARN 21240 --- [socratesai] [io-18080-exec-9] c.m.s.mentor.policy.MentorPolicyService  : ML policy failed, falling back to rule selector: 422 Unprocessable Content: "{"detail":[{"type":"missing","loc":["body"],"msg":"Field required","input":null}]}"
2026-05-18T10:58:45.587+05:00  WARN 21240 --- [socratesai] [io-18080-exec-3] c.m.s.mentor.policy.MentorPolicyService  : ML policy failed, falling back to rule selector: 422 Unprocessable Content: "{"detail":[{"type":"missing","loc":["body"],"msg":"Field required","input":null}]}"
2026-05-18T10:58:45.617+05:00  WARN 21240 --- [socratesai] [io-18080-exec-2] c.m.s.mentor.policy.MentorPolicyService  : ML policy failed, falling back to rule selector: 422 Unprocessable Content: "{"detail":[{"type":"missing","loc":["body"],"msg":"Field required","input":null}]}"
2026-05-18T10:58:45.664+05:00  WARN 21240 --- [socratesai] [io-18080-exec-6] c.m.s.mentor.policy.MentorPolicyService  : ML policy failed, falling back to rule selector: 422 Unprocessable Content: "{"detail":[{"type":"missing","loc":["body"],"msg":"Field required","input":null}]}"
2026-05-18T10:58:45.711+05:00  WARN 21240 --- [socratesai] [io-18080-exec-7] c.m.s.mentor.policy.MentorPolicyService  : ML policy failed, falling back to rule selector: 422 Unprocessable Content: "{"detail":[{"type":"missing","loc":["body"],"msg":"Field required","input":null}]}"
2026-05-18T10:58:45.759+05:00  WARN 21240 --- [socratesai] [io-18080-exec-8] c.m.s.mentor.policy.MentorPolicyService  : ML policy failed, falling back to rule selector: 422 Unprocessable Content: "{"detail":[{"type":"missing","loc":["body"],"msg":"Field required","input":null}]}"
2026-05-18T10:58:45.802+05:00  WARN 21240 --- [socratesai] [o-18080-exec-10] c.m.s.mentor.policy.MentorPolicyService  : ML policy failed, falling back to rule selector: 422 Unprocessable Content: "{"detail":[{"type":"missing","loc":["body"],"msg":"Field required","input":null}]}"
2026-05-18T10:58:45.861+05:00  WARN 21240 --- [socratesai] [io-18080-exec-4] c.m.s.mentor.policy.MentorPolicyService  : ML policy failed, falling back to rule selector: 422 Unprocessable Content: "{"detail":[{"type":"missing","loc":["body"],"msg":"Field required","input":null}]}"
2026-05-18T10:58:45.911+05:00  WARN 21240 --- [socratesai] [io-18080-exec-1] c.m.s.mentor.policy.MentorPolicyService  : ML policy failed, falling back to rule selector: 422 Unprocessable Content: "{"detail":[{"type":"missing","loc":["body"],"msg":"Field required","input":null}]}"
2026-05-18T10:58:45.967+05:00  WARN 21240 --- [socratesai] [io-18080-exec-5] c.m.s.mentor.policy.MentorPolicyService  : ML policy failed, falling back to rule selector: 422 Unprocessable Content: "{"detail":[{"type":"missing","loc":["body"],"msg":"Field required","input":null}]}"
2026-05-18T10:58:46.018+05:00  WARN 21240 --- [socratesai] [io-18080-exec-9] c.m.s.mentor.policy.MentorPolicyService  : ML policy failed, falling back to rule selector: 422 Unprocessable Content: "{"detail":[{"type":"missing","loc":["body"],"msg":"Field required","input":null}]}"
2026-05-18T10:58:46.064+05:00  WARN 21240 --- [socratesai] [io-18080-exec-3] c.m.s.mentor.policy.MentorPolicyService  : ML policy failed, falling back to rule selector: 422 Unprocessable Content: "{"detail":[{"type":"missing","loc":["body"],"msg":"Field required","input":null}]}"
2026-05-18T10:58:46.111+05:00  WARN 21240 --- [socratesai] [io-18080-exec-2] c.m.s.mentor.policy.MentorPolicyService  : ML policy failed, falling back to rule selector: 422 Unprocessable Content: "{"detail":[{"type":"missing","loc":["body"],"msg":"Field required","input":null}]}"
2026-05-18T10:58:46.161+05:00  WARN 21240 --- [socratesai] [io-18080-exec-6] c.m.s.mentor.policy.MentorPolicyService  : ML policy failed, falling back to rule selector: 422 Unprocessable Content: "{"detail":[{"type":"missing","loc":["body"],"msg":"Field required","input":null}]}"
2026-05-18T10:58:46.207+05:00  WARN 21240 --- [socratesai] [io-18080-exec-7] c.m.s.mentor.policy.MentorPolicyService  : ML policy failed, falling back to rule selector: 422 Unprocessable Content: "{"detail":[{"type":"missing","loc":["body"],"msg":"Field required","input":null}]}"
2026-05-18T10:58:46.237+05:00  WARN 21240 --- [socratesai] [io-18080-exec-8] c.m.s.mentor.policy.MentorPolicyService  : ML policy failed, falling back to rule selector: 422 Unprocessable Content: "{"detail":[{"type":"missing","loc":["body"],"msg":"Field required","input":null}]}"
2026-05-18T10:58:46.264+05:00  WARN 21240 --- [socratesai] [o-18080-exec-10] c.m.s.mentor.policy.MentorPolicyService  : ML policy failed, falling back to rule selector: 422 Unprocessable Content: "{"detail":[{"type":"missing","loc":["body"],"msg":"Field required","input":null}]}"
2026-05-18T10:58:46.311+05:00  WARN 21240 --- [socratesai] [io-18080-exec-4] c.m.s.mentor.policy.MentorPolicyService  : ML policy failed, falling back to rule selector: 422 Unprocessable Content: "{"detail":[{"type":"missing","loc":["body"],"msg":"Field required","input":null}]}"
2026-05-18T10:58:46.361+05:00  WARN 21240 --- [socratesai] [io-18080-exec-1] c.m.s.mentor.policy.MentorPolicyService  : ML policy failed, falling back to rule selector: 422 Unprocessable Content: "{"detail":[{"type":"missing","loc":["body"],"msg":"Field required","input":null}]}"
2026-05-18T10:58:46.387+05:00  WARN 21240 --- [socratesai] [io-18080-exec-5] c.m.s.mentor.policy.MentorPolicyService  : ML policy failed, falling back to rule selector: 422 Unprocessable Content: "{"detail":[{"type":"missing","loc":["body"],"msg":"Field required","input":null}]}"
2026-05-18T10:58:46.436+05:00  WARN 21240 --- [socratesai] [io-18080-exec-9] c.m.s.mentor.policy.MentorPolicyService  : ML policy failed, falling back to rule selector: 422 Unprocessable Content: "{"detail":[{"type":"missing","loc":["body"],"msg":"Field required","input":null}]}"
2026-05-18T10:58:46.483+05:00  WARN 21240 --- [socratesai] [io-18080-exec-3] c.m.s.mentor.policy.MentorPolicyService  : ML policy failed, falling back to rule selector: 422 Unprocessable Content: "{"detail":[{"type":"missing","loc":["body"],"msg":"Field required","input":null}]}"
2026-05-18T10:58:46.526+05:00  WARN 21240 --- [socratesai] [io-18080-exec-2] c.m.s.mentor.policy.MentorPolicyService  : ML policy failed, falling back to rule selector: 422 Unprocessable Content: "{"detail":[{"type":"missing","loc":["body"],"msg":"Field required","input":null}]}"
2026-05-18T10:58:46.556+05:00  WARN 21240 --- [socratesai] [io-18080-exec-6] c.m.s.mentor.policy.MentorPolicyService  : ML policy failed, falling back to rule selector: 422 Unprocessable Content: "{"detail":[{"type":"missing","loc":["body"],"msg":"Field required","input":null}]}"
2026-05-18T10:58:46.604+05:00  WARN 21240 --- [socratesai] [io-18080-exec-7] c.m.s.mentor.policy.MentorPolicyService  : ML policy failed, falling back to rule selector: 422 Unprocessable Content: "{"detail":[{"type":"missing","loc":["body"],"msg":"Field required","input":null}]}"
2026-05-18T10:58:46.633+05:00  WARN 21240 --- [socratesai] [io-18080-exec-8] c.m.s.mentor.policy.MentorPolicyService  : ML policy failed, falling back to rule selector: 422 Unprocessable Content: "{"detail":[{"type":"missing","loc":["body"],"msg":"Field required","input":null}]}"
2026-05-18T10:58:46.681+05:00  WARN 21240 --- [socratesai] [o-18080-exec-10] c.m.s.mentor.policy.MentorPolicyService  : ML policy failed, falling back to rule selector: 422 Unprocessable Content: "{"detail":[{"type":"missing","loc":["body"],"msg":"Field required","input":null}]}"
2026-05-18T10:58:46.731+05:00  WARN 21240 --- [socratesai] [io-18080-exec-4] c.m.s.mentor.policy.MentorPolicyService  : ML policy failed, falling back to rule selector: 422 Unprocessable Content: "{"detail":[{"type":"missing","loc":["body"],"msg":"Field required","input":null}]}"
2026-05-18T10:58:46.773+05:00  WARN 21240 --- [socratesai] [io-18080-exec-1] c.m.s.mentor.policy.MentorPolicyService  : ML policy failed, falling back to rule selector: 422 Unprocessable Content: "{"detail":[{"type":"missing","loc":["body"],"msg":"Field required","input":null}]}"
2026-05-18T10:58:46.819+05:00  WARN 21240 --- [socratesai] [io-18080-exec-5] c.m.s.mentor.policy.MentorPolicyService  : ML policy failed, falling back to rule selector: 422 Unprocessable Content: "{"detail":[{"type":"missing","loc":["body"],"msg":"Field required","input":null}]}"
2026-05-18T10:58:46.882+05:00  WARN 21240 --- [socratesai] [io-18080-exec-9] c.m.s.mentor.policy.MentorPolicyService  : ML policy failed, falling back to rule selector: 422 Unprocessable Content: "{"detail":[{"type":"missing","loc":["body"],"msg":"Field required","input":null}]}"
2026-05-18T10:58:46.949+05:00  WARN 21240 --- [socratesai] [io-18080-exec-3] c.m.s.mentor.policy.MentorPolicyService  : ML policy failed, falling back to rule selector: 422 Unprocessable Content: "{"detail":[{"type":"missing","loc":["body"],"msg":"Field required","input":null}]}"
2026-05-18T10:58:47.005+05:00  WARN 21240 --- [socratesai] [io-18080-exec-2] c.m.s.mentor.policy.MentorPolicyService  : ML policy failed, falling back to rule selector: 422 Unprocessable Content: "{"detail":[{"type":"missing","loc":["body"],"msg":"Field required","input":null}]}"
2026-05-18T10:58:47.049+05:00  WARN 21240 --- [socratesai] [io-18080-exec-6] c.m.s.mentor.policy.MentorPolicyService  : ML policy failed, falling back to rule selector: 422 Unprocessable Content: "{"detail":[{"type":"missing","loc":["body"],"msg":"Field required","input":null}]}"
2026-05-18T10:58:47.099+05:00  WARN 21240 --- [socratesai] [io-18080-exec-7] c.m.s.mentor.policy.MentorPolicyService  : ML policy failed, falling back to rule selector: 422 Unprocessable Content: "{"detail":[{"type":"missing","loc":["body"],"msg":"Field required","input":null}]}"
2026-05-18T10:58:47.145+05:00  WARN 21240 --- [socratesai] [io-18080-exec-8] c.m.s.mentor.policy.MentorPolicyService  : ML policy failed, falling back to rule selector: 422 Unprocessable Content: "{"detail":[{"type":"missing","loc":["body"],"msg":"Field required","input":null}]}"
2026-05-18T10:58:47.190+05:00  WARN 21240 --- [socratesai] [o-18080-exec-10] c.m.s.mentor.policy.MentorPolicyService  : ML policy failed, falling back to rule selector: 422 Unprocessable Content: "{"detail":[{"type":"missing","loc":["body"],"msg":"Field required","input":null}]}"
2026-05-18T10:58:47.234+05:00  WARN 21240 --- [socratesai] [io-18080-exec-4] c.m.s.mentor.policy.MentorPolicyService  : ML policy failed, falling back to rule selector: 422 Unprocessable Content: "{"detail":[{"type":"missing","loc":["body"],"msg":"Field required","input":null}]}"
2026-05-18T10:58:47.283+05:00  WARN 21240 --- [socratesai] [io-18080-exec-1] c.m.s.mentor.policy.MentorPolicyService  : ML policy failed, falling back to rule selector: 422 Unprocessable Content: "{"detail":[{"type":"missing","loc":["body"],"msg":"Field required","input":null}]}"
2026-05-18T10:58:47.328+05:00  WARN 21240 --- [socratesai] [io-18080-exec-5] c.m.s.mentor.policy.MentorPolicyService  : ML policy failed, falling back to rule selector: 422 Unprocessable Content: "{"detail":[{"type":"missing","loc":["body"],"msg":"Field required","input":null}]}"
2026-05-18T10:58:47.373+05:00  WARN 21240 --- [socratesai] [io-18080-exec-9] c.m.s.mentor.policy.MentorPolicyService  : ML policy failed, falling back to rule selector: 422 Unprocessable Content: "{"detail":[{"type":"missing","loc":["body"],"msg":"Field required","input":null}]}"
2026-05-18T10:58:47.422+05:00  WARN 21240 --- [socratesai] [io-18080-exec-3] c.m.s.mentor.policy.MentorPolicyService  : ML policy failed, falling back to rule selector: 422 Unprocessable Content: "{"detail":[{"type":"missing","loc":["body"],"msg":"Field required","input":null}]}"
2026-05-18T10:58:47.467+05:00  WARN 21240 --- [socratesai] [io-18080-exec-2] c.m.s.mentor.policy.MentorPolicyService  : ML policy failed, falling back to rule selector: 422 Unprocessable Content: "{"detail":[{"type":"missing","loc":["body"],"msg":"Field required","input":null}]}"
2026-05-18T10:58:47.496+05:00  WARN 21240 --- [socratesai] [io-18080-exec-6] c.m.s.mentor.policy.MentorPolicyService  : ML policy failed, falling back to rule selector: 422 Unprocessable Content: "{"detail":[{"type":"missing","loc":["body"],"msg":"Field required","input":null}]}"
2026-05-18T10:58:47.540+05:00  WARN 21240 --- [socratesai] [io-18080-exec-7] c.m.s.mentor.policy.MentorPolicyService  : ML policy failed, falling back to rule selector: 422 Unprocessable Content: "{"detail":[{"type":"missing","loc":["body"],"msg":"Field required","input":null}]}"
2026-05-18T10:58:47.590+05:00  WARN 21240 --- [socratesai] [io-18080-exec-8] c.m.s.mentor.policy.MentorPolicyService  : ML policy failed, falling back to rule selector: 422 Unprocessable Content: "{"detail":[{"type":"missing","loc":["body"],"msg":"Field required","input":null}]}"
2026-05-18T10:58:47.635+05:00  WARN 21240 --- [socratesai] [o-18080-exec-10] c.m.s.mentor.policy.MentorPolicyService  : ML policy failed, falling back to rule selector: 422 Unprocessable Content: "{"detail":[{"type":"missing","loc":["body"],"msg":"Field required","input":null}]}"
2026-05-18T10:58:47.664+05:00  WARN 21240 --- [socratesai] [io-18080-exec-4] c.m.s.mentor.policy.MentorPolicyService  : ML policy failed, falling back to rule selector: 422 Unprocessable Content: "{"detail":[{"type":"missing","loc":["body"],"msg":"Field required","input":null}]}"
2026-05-18T10:58:47.710+05:00  WARN 21240 --- [socratesai] [io-18080-exec-1] c.m.s.mentor.policy.MentorPolicyService  : ML policy failed, falling back to rule selector: 422 Unprocessable Content: "{"detail":[{"type":"missing","loc":["body"],"msg":"Field required","input":null}]}"
2026-05-18T10:58:47.755+05:00  WARN 21240 --- [socratesai] [io-18080-exec-5] c.m.s.mentor.policy.MentorPolicyService  : ML policy failed, falling back to rule selector: 422 Unprocessable Content: "{"detail":[{"type":"missing","loc":["body"],"msg":"Field required","input":null}]}"
2026-05-18T10:58:47.781+05:00  WARN 21240 --- [socratesai] [io-18080-exec-9] c.m.s.mentor.policy.MentorPolicyService  : ML policy failed, falling back to rule selector: 422 Unprocessable Content: "{"detail":[{"type":"missing","loc":["body"],"msg":"Field required","input":null}]}"
2026-05-18T10:58:47.833+05:00  WARN 21240 --- [socratesai] [io-18080-exec-3] c.m.s.mentor.policy.MentorPolicyService  : ML policy failed, falling back to rule selector: 422 Unprocessable Content: "{"detail":[{"type":"missing","loc":["body"],"msg":"Field required","input":null}]}"
2026-05-18T10:58:47.882+05:00  WARN 21240 --- [socratesai] [io-18080-exec-2] c.m.s.mentor.policy.MentorPolicyService  : ML policy failed, falling back to rule selector: 422 Unprocessable Content: "{"detail":[{"type":"missing","loc":["body"],"msg":"Field required","input":null}]}"
2026-05-18T10:58:47.935+05:00  WARN 21240 --- [socratesai] [io-18080-exec-6] c.m.s.mentor.policy.MentorPolicyService  : ML policy failed, falling back to rule selector: 422 Unprocessable Content: "{"detail":[{"type":"missing","loc":["body"],"msg":"Field required","input":null}]}"
2026-05-18T10:58:47.988+05:00  WARN 21240 --- [socratesai] [io-18080-exec-7] c.m.s.mentor.policy.MentorPolicyService  : ML policy failed, falling back to rule selector: 422 Unprocessable Content: "{"detail":[{"type":"missing","loc":["body"],"msg":"Field required","input":null}]}"
2026-05-18T10:58:48.034+05:00  WARN 21240 --- [socratesai] [io-18080-exec-8] c.m.s.mentor.policy.MentorPolicyService  : ML policy failed, falling back to rule selector: 422 Unprocessable Content: "{"detail":[{"type":"missing","loc":["body"],"msg":"Field required","input":null}]}"
2026-05-18T10:58:48.080+05:00  WARN 21240 --- [socratesai] [o-18080-exec-10] c.m.s.mentor.policy.MentorPolicyService  : ML policy failed, falling back to rule selector: 422 Unprocessable Content: "{"detail":[{"type":"missing","loc":["body"],"msg":"Field required","input":null}]}"
2026-05-18T10:58:48.126+05:00  WARN 21240 --- [socratesai] [io-18080-exec-4] c.m.s.mentor.policy.MentorPolicyService  : ML policy failed, falling back to rule selector: 422 Unprocessable Content: "{"detail":[{"type":"missing","loc":["body"],"msg":"Field required","input":null}]}"
2026-05-18T10:58:48.155+05:00  WARN 21240 --- [socratesai] [io-18080-exec-1] c.m.s.mentor.policy.MentorPolicyService  : ML policy failed, falling back to rule selector: 422 Unprocessable Content: "{"detail":[{"type":"missing","loc":["body"],"msg":"Field required","input":null}]}"
2026-05-18T10:58:48.183+05:00  WARN 21240 --- [socratesai] [io-18080-exec-5] c.m.s.mentor.policy.MentorPolicyService  : ML policy failed, falling back to rule selector: 422 Unprocessable Content: "{"detail":[{"type":"missing","loc":["body"],"msg":"Field required","input":null}]}"
2026-05-18T10:58:48.213+05:00  WARN 21240 --- [socratesai] [io-18080-exec-9] c.m.s.mentor.policy.MentorPolicyService  : ML policy failed, falling back to rule selector: 422 Unprocessable Content: "{"detail":[{"type":"missing","loc":["body"],"msg":"Field required","input":null}]}"
2026-05-18T10:58:48.262+05:00  WARN 21240 --- [socratesai] [io-18080-exec-3] c.m.s.mentor.policy.MentorPolicyService  : ML policy failed, falling back to rule selector: 422 Unprocessable Content: "{"detail":[{"type":"missing","loc":["body"],"msg":"Field required","input":null}]}"
2026-05-18T10:58:48.309+05:00  WARN 21240 --- [socratesai] [io-18080-exec-2] c.m.s.mentor.policy.MentorPolicyService  : ML policy failed, falling back to rule selector: 422 Unprocessable Content: "{"detail":[{"type":"missing","loc":["body"],"msg":"Field required","input":null}]}"
2026-05-18T10:58:48.358+05:00  WARN 21240 --- [socratesai] [io-18080-exec-6] c.m.s.mentor.policy.MentorPolicyService  : ML policy failed, falling back to rule selector: 422 Unprocessable Content: "{"detail":[{"type":"missing","loc":["body"],"msg":"Field required","input":null}]}"
2026-05-18T10:58:48.403+05:00  WARN 21240 --- [socratesai] [io-18080-exec-7] c.m.s.mentor.policy.MentorPolicyService  : ML policy failed, falling back to rule selector: 422 Unprocessable Content: "{"detail":[{"type":"missing","loc":["body"],"msg":"Field required","input":null}]}"
2026-05-18T10:58:48.449+05:00  WARN 21240 --- [socratesai] [io-18080-exec-8] c.m.s.mentor.policy.MentorPolicyService  : ML policy failed, falling back to rule selector: 422 Unprocessable Content: "{"detail":[{"type":"missing","loc":["body"],"msg":"Field required","input":null}]}"
2026-05-18T10:58:48.476+05:00  WARN 21240 --- [socratesai] [o-18080-exec-10] c.m.s.mentor.policy.MentorPolicyService  : ML policy failed, falling back to rule selector: 422 Unprocessable Content: "{"detail":[{"type":"missing","loc":["body"],"msg":"Field required","input":null}]}"
2026-05-18T10:58:48.525+05:00  WARN 21240 --- [socratesai] [io-18080-exec-4] c.m.s.mentor.policy.MentorPolicyService  : ML policy failed, falling back to rule selector: 422 Unprocessable Content: "{"detail":[{"type":"missing","loc":["body"],"msg":"Field required","input":null}]}"
2026-05-18T10:58:48.574+05:00  WARN 21240 --- [socratesai] [io-18080-exec-1] c.m.s.mentor.policy.MentorPolicyService  : ML policy failed, falling back to rule selector: 422 Unprocessable Content: "{"detail":[{"type":"missing","loc":["body"],"msg":"Field required","input":null}]}"
2026-05-18T10:58:48.603+05:00  WARN 21240 --- [socratesai] [io-18080-exec-5] c.m.s.mentor.policy.MentorPolicyService  : ML policy failed, falling back to rule selector: 422 Unprocessable Content: "{"detail":[{"type":"missing","loc":["body"],"msg":"Field required","input":null}]}"
2026-05-18T10:58:48.654+05:00  WARN 21240 --- [socratesai] [io-18080-exec-9] c.m.s.mentor.policy.MentorPolicyService  : ML policy failed, falling back to rule selector: 422 Unprocessable Content: "{"detail":[{"type":"missing","loc":["body"],"msg":"Field required","input":null}]}"
2026-05-18T10:58:48.696+05:00  WARN 21240 --- [socratesai] [io-18080-exec-3] c.m.s.mentor.policy.MentorPolicyService  : ML policy failed, falling back to rule selector: 422 Unprocessable Content: "{"detail":[{"type":"missing","loc":["body"],"msg":"Field required","input":null}]}"
2026-05-18T10:58:48.745+05:00  WARN 21240 --- [socratesai] [io-18080-exec-2] c.m.s.mentor.policy.MentorPolicyService  : ML policy failed, falling back to rule selector: 422 Unprocessable Content: "{"detail":[{"type":"missing","loc":["body"],"msg":"Field required","input":null}]}"
2026-05-18T10:58:48.788+05:00  WARN 21240 --- [socratesai] [io-18080-exec-6] c.m.s.mentor.policy.MentorPolicyService  : ML policy failed, falling back to rule selector: 422 Unprocessable Content: "{"detail":[{"type":"missing","loc":["body"],"msg":"Field required","input":null}]}"
2026-05-18T10:58:48.846+05:00  WARN 21240 --- [socratesai] [io-18080-exec-7] c.m.s.mentor.policy.MentorPolicyService  : ML policy failed, falling back to rule selector: 422 Unprocessable Content: "{"detail":[{"type":"missing","loc":["body"],"msg":"Field required","input":null}]}"
2026-05-18T10:58:48.897+05:00  WARN 21240 --- [socratesai] [io-18080-exec-8] c.m.s.mentor.policy.MentorPolicyService  : ML policy failed, falling back to rule selector: 422 Unprocessable Content: "{"detail":[{"type":"missing","loc":["body"],"msg":"Field required","input":null}]}"
2026-05-18T10:58:48.942+05:00  WARN 21240 --- [socratesai] [o-18080-exec-10] c.m.s.mentor.policy.MentorPolicyService  : ML policy failed, falling back to rule selector: 422 Unprocessable Content: "{"detail":[{"type":"missing","loc":["body"],"msg":"Field required","input":null}]}"
2026-05-18T10:58:48.988+05:00  WARN 21240 --- [socratesai] [io-18080-exec-4] c.m.s.mentor.policy.MentorPolicyService  : ML policy failed, falling back to rule selector: 422 Unprocessable Content: "{"detail":[{"type":"missing","loc":["body"],"msg":"Field required","input":null}]}"
2026-05-18T10:58:49.036+05:00  WARN 21240 --- [socratesai] [io-18080-exec-1] c.m.s.mentor.policy.MentorPolicyService  : ML policy failed, falling back to rule selector: 422 Unprocessable Content: "{"detail":[{"type":"missing","loc":["body"],"msg":"Field required","input":null}]}"
2026-05-18T10:58:49.080+05:00  WARN 21240 --- [socratesai] [io-18080-exec-5] c.m.s.mentor.policy.MentorPolicyService  : ML policy failed, falling back to rule selector: 422 Unprocessable Content: "{"detail":[{"type":"missing","loc":["body"],"msg":"Field required","input":null}]}"
2026-05-18T10:58:49.132+05:00  WARN 21240 --- [socratesai] [io-18080-exec-9] c.m.s.mentor.policy.MentorPolicyService  : ML policy failed, falling back to rule selector: 422 Unprocessable Content: "{"detail":[{"type":"missing","loc":["body"],"msg":"Field required","input":null}]}"
2026-05-18T10:58:49.175+05:00  WARN 21240 --- [socratesai] [io-18080-exec-3] c.m.s.mentor.policy.MentorPolicyService  : ML policy failed, falling back to rule selector: 422 Unprocessable Content: "{"detail":[{"type":"missing","loc":["body"],"msg":"Field required","input":null}]}"
2026-05-18T10:58:49.222+05:00  WARN 21240 --- [socratesai] [io-18080-exec-2] c.m.s.mentor.policy.MentorPolicyService  : ML policy failed, falling back to rule selector: 422 Unprocessable Content: "{"detail":[{"type":"missing","loc":["body"],"msg":"Field required","input":null}]}"
2026-05-18T10:58:49.265+05:00  WARN 21240 --- [socratesai] [io-18080-exec-6] c.m.s.mentor.policy.MentorPolicyService  : ML policy failed, falling back to rule selector: 422 Unprocessable Content: "{"detail":[{"type":"missing","loc":["body"],"msg":"Field required","input":null}]}"
2026-05-18T10:58:49.310+05:00  WARN 21240 --- [socratesai] [io-18080-exec-7] c.m.s.mentor.policy.MentorPolicyService  : ML policy failed, falling back to rule selector: 422 Unprocessable Content: "{"detail":[{"type":"missing","loc":["body"],"msg":"Field required","input":null}]}"
2026-05-18T10:58:49.338+05:00  WARN 21240 --- [socratesai] [io-18080-exec-8] c.m.s.mentor.policy.MentorPolicyService  : ML policy failed, falling back to rule selector: 422 Unprocessable Content: "{"detail":[{"type":"missing","loc":["body"],"msg":"Field required","input":null}]}"
2026-05-18T10:58:49.369+05:00  WARN 21240 --- [socratesai] [o-18080-exec-10] c.m.s.mentor.policy.MentorPolicyService  : ML policy failed, falling back to rule selector: 422 Unprocessable Content: "{"detail":[{"type":"missing","loc":["body"],"msg":"Field required","input":null}]}"
2026-05-18T10:58:49.418+05:00  WARN 21240 --- [socratesai] [io-18080-exec-4] c.m.s.mentor.policy.MentorPolicyService  : ML policy failed, falling back to rule selector: 422 Unprocessable Content: "{"detail":[{"type":"missing","loc":["body"],"msg":"Field required","input":null}]}"
2026-05-18T10:58:49.465+05:00  WARN 21240 --- [socratesai] [io-18080-exec-1] c.m.s.mentor.policy.MentorPolicyService  : ML policy failed, falling back to rule selector: 422 Unprocessable Content: "{"detail":[{"type":"missing","loc":["body"],"msg":"Field required","input":null}]}"
2026-05-18T10:58:49.512+05:00  WARN 21240 --- [socratesai] [io-18080-exec-5] c.m.s.mentor.policy.MentorPolicyService  : ML policy failed, falling back to rule selector: 422 Unprocessable Content: "{"detail":[{"type":"missing","loc":["body"],"msg":"Field required","input":null}]}"
2026-05-18T10:58:49.559+05:00  WARN 21240 --- [socratesai] [io-18080-exec-9] c.m.s.mentor.policy.MentorPolicyService  : ML policy failed, falling back to rule selector: 422 Unprocessable Content: "{"detail":[{"type":"missing","loc":["body"],"msg":"Field required","input":null}]}"
2026-05-18T10:58:49.601+05:00  WARN 21240 --- [socratesai] [io-18080-exec-3] c.m.s.mentor.policy.MentorPolicyService  : ML policy failed, falling back to rule selector: 422 Unprocessable Content: "{"detail":[{"type":"missing","loc":["body"],"msg":"Field required","input":null}]}"
2026-05-18T10:58:49.632+05:00  WARN 21240 --- [socratesai] [io-18080-exec-2] c.m.s.mentor.policy.MentorPolicyService  : ML policy failed, falling back to rule selector: 422 Unprocessable Content: "{"detail":[{"type":"missing","loc":["body"],"msg":"Field required","input":null}]}"
2026-05-18T10:58:49.680+05:00  WARN 21240 --- [socratesai] [io-18080-exec-6] c.m.s.mentor.policy.MentorPolicyService  : ML policy failed, falling back to rule selector: 422 Unprocessable Content: "{"detail":[{"type":"missing","loc":["body"],"msg":"Field required","input":null}]}"
2026-05-18T10:58:49.727+05:00  WARN 21240 --- [socratesai] [io-18080-exec-7] c.m.s.mentor.policy.MentorPolicyService  : ML policy failed, falling back to rule selector: 422 Unprocessable Content: "{"detail":[{"type":"missing","loc":["body"],"msg":"Field required","input":null}]}"
2026-05-18T10:58:49.791+05:00  WARN 21240 --- [socratesai] [io-18080-exec-8] c.m.s.mentor.policy.MentorPolicyService  : ML policy failed, falling back to rule selector: 422 Unprocessable Content: "{"detail":[{"type":"missing","loc":["body"],"msg":"Field required","input":null}]}"
2026-05-18T10:58:49.875+05:00  WARN 21240 --- [socratesai] [o-18080-exec-10] c.m.s.mentor.policy.MentorPolicyService  : ML policy failed, falling back to rule selector: 422 Unprocessable Content: "{"detail":[{"type":"missing","loc":["body"],"msg":"Field required","input":null}]}"
2026-05-18T10:58:49.925+05:00  WARN 21240 --- [socratesai] [io-18080-exec-4] c.m.s.mentor.policy.MentorPolicyService  : ML policy failed, falling back to rule selector: 422 Unprocessable Content: "{"detail":[{"type":"missing","loc":["body"],"msg":"Field required","input":null}]}"
2026-05-18T10:58:49.953+05:00  WARN 21240 --- [socratesai] [io-18080-exec-1] c.m.s.mentor.policy.MentorPolicyService  : ML policy failed, falling back to rule selector: 422 Unprocessable Content: "{"detail":[{"type":"missing","loc":["body"],"msg":"Field required","input":null}]}"
2026-05-18T10:58:50.001+05:00  WARN 21240 --- [socratesai] [io-18080-exec-5] c.m.s.mentor.policy.MentorPolicyService  : ML policy failed, falling back to rule selector: 422 Unprocessable Content: "{"detail":[{"type":"missing","loc":["body"],"msg":"Field required","input":null}]}"
2026-05-18T10:58:50.031+05:00  WARN 21240 --- [socratesai] [io-18080-exec-9] c.m.s.mentor.policy.MentorPolicyService  : ML policy failed, falling back to rule selector: 422 Unprocessable Content: "{"detail":[{"type":"missing","loc":["body"],"msg":"Field required","input":null}]}"
2026-05-18T10:58:50.076+05:00  WARN 21240 --- [socratesai] [io-18080-exec-3] c.m.s.mentor.policy.MentorPolicyService  : ML policy failed, falling back to rule selector: 422 Unprocessable Content: "{"detail":[{"type":"missing","loc":["body"],"msg":"Field required","input":null}]}"
2026-05-18T10:58:50.122+05:00  WARN 21240 --- [socratesai] [io-18080-exec-2] c.m.s.mentor.policy.MentorPolicyService  : ML policy failed, falling back to rule selector: 422 Unprocessable Content: "{"detail":[{"type":"missing","loc":["body"],"msg":"Field required","input":null}]}"
2026-05-18T10:58:50.167+05:00  WARN 21240 --- [socratesai] [io-18080-exec-6] c.m.s.mentor.policy.MentorPolicyService  : ML policy failed, falling back to rule selector: 422 Unprocessable Content: "{"detail":[{"type":"missing","loc":["body"],"msg":"Field required","input":null}]}"
2026-05-18T10:58:50.217+05:00  WARN 21240 --- [socratesai] [io-18080-exec-7] c.m.s.mentor.policy.MentorPolicyService  : ML policy failed, falling back to rule selector: 422 Unprocessable Content: "{"detail":[{"type":"missing","loc":["body"],"msg":"Field required","input":null}]}"
2026-05-18T10:58:50.246+05:00  WARN 21240 --- [socratesai] [io-18080-exec-8] c.m.s.mentor.policy.MentorPolicyService  : ML policy failed, falling back to rule selector: 422 Unprocessable Content: "{"detail":[{"type":"missing","loc":["body"],"msg":"Field required","input":null}]}"
2026-05-18T10:58:50.294+05:00  WARN 21240 --- [socratesai] [o-18080-exec-10] c.m.s.mentor.policy.MentorPolicyService  : ML policy failed, falling back to rule selector: 422 Unprocessable Content: "{"detail":[{"type":"missing","loc":["body"],"msg":"Field required","input":null}]}"
2026-05-18T10:58:50.341+05:00  WARN 21240 --- [socratesai] [io-18080-exec-4] c.m.s.mentor.policy.MentorPolicyService  : ML policy failed, falling back to rule selector: 422 Unprocessable Content: "{"detail":[{"type":"missing","loc":["body"],"msg":"Field required","input":null}]}"
2026-05-18T10:58:50.383+05:00  WARN 21240 --- [socratesai] [io-18080-exec-1] c.m.s.mentor.policy.MentorPolicyService  : ML policy failed, falling back to rule selector: 422 Unprocessable Content: "{"detail":[{"type":"missing","loc":["body"],"msg":"Field required","input":null}]}"
2026-05-18T10:58:50.430+05:00  WARN 21240 --- [socratesai] [io-18080-exec-5] c.m.s.mentor.policy.MentorPolicyService  : ML policy failed, falling back to rule selector: 422 Unprocessable Content: "{"detail":[{"type":"missing","loc":["body"],"msg":"Field required","input":null}]}"
2026-05-18T10:58:50.476+05:00  WARN 21240 --- [socratesai] [io-18080-exec-9] c.m.s.mentor.policy.MentorPolicyService  : ML policy failed, falling back to rule selector: 422 Unprocessable Content: "{"detail":[{"type":"missing","loc":["body"],"msg":"Field required","input":null}]}"
2026-05-18T10:58:50.525+05:00  WARN 21240 --- [socratesai] [io-18080-exec-3] c.m.s.mentor.policy.MentorPolicyService  : ML policy failed, falling back to rule selector: 422 Unprocessable Content: "{"detail":[{"type":"missing","loc":["body"],"msg":"Field required","input":null}]}"
2026-05-18T10:58:50.567+05:00  WARN 21240 --- [socratesai] [io-18080-exec-2] c.m.s.mentor.policy.MentorPolicyService  : ML policy failed, falling back to rule selector: 422 Unprocessable Content: "{"detail":[{"type":"missing","loc":["body"],"msg":"Field required","input":null}]}"
2026-05-18T10:58:50.616+05:00  WARN 21240 --- [socratesai] [io-18080-exec-6] c.m.s.mentor.policy.MentorPolicyService  : ML policy failed, falling back to rule selector: 422 Unprocessable Content: "{"detail":[{"type":"missing","loc":["body"],"msg":"Field required","input":null}]}"
2026-05-18T10:58:50.660+05:00  WARN 21240 --- [socratesai] [io-18080-exec-7] c.m.s.mentor.policy.MentorPolicyService  : ML policy failed, falling back to rule selector: 422 Unprocessable Content: "{"detail":[{"type":"missing","loc":["body"],"msg":"Field required","input":null}]}"
2026-05-18T10:58:50.705+05:00  WARN 21240 --- [socratesai] [io-18080-exec-8] c.m.s.mentor.policy.MentorPolicyService  : ML policy failed, falling back to rule selector: 422 Unprocessable Content: "{"detail":[{"type":"missing","loc":["body"],"msg":"Field required","input":null}]}"
2026-05-18T10:58:50.756+05:00  WARN 21240 --- [socratesai] [o-18080-exec-10] c.m.s.mentor.policy.MentorPolicyService  : ML policy failed, falling back to rule selector: 422 Unprocessable Content: "{"detail":[{"type":"missing","loc":["body"],"msg":"Field required","input":null}]}"
2026-05-18T10:58:50.809+05:00  WARN 21240 --- [socratesai] [io-18080-exec-4] c.m.s.mentor.policy.MentorPolicyService  : ML policy failed, falling back to rule selector: 422 Unprocessable Content: "{"detail":[{"type":"missing","loc":["body"],"msg":"Field required","input":null}]}"
2026-05-18T10:58:50.837+05:00  WARN 21240 --- [socratesai] [io-18080-exec-1] c.m.s.mentor.policy.MentorPolicyService  : ML policy failed, falling back to rule selector: 422 Unprocessable Content: "{"detail":[{"type":"missing","loc":["body"],"msg":"Field required","input":null}]}"
2026-05-18T10:58:50.875+05:00  WARN 21240 --- [socratesai] [io-18080-exec-5] c.m.s.mentor.policy.MentorPolicyService  : ML policy failed, falling back to rule selector: 422 Unprocessable Content: "{"detail":[{"type":"missing","loc":["body"],"msg":"Field required","input":null}]}"
2026-05-18T10:58:50.923+05:00  WARN 21240 --- [socratesai] [io-18080-exec-9] c.m.s.mentor.policy.MentorPolicyService  : ML policy failed, falling back to rule selector: 422 Unprocessable Content: "{"detail":[{"type":"missing","loc":["body"],"msg":"Field required","input":null}]}"
2026-05-18T10:58:50.967+05:00  WARN 21240 --- [socratesai] [io-18080-exec-3] c.m.s.mentor.policy.MentorPolicyService  : ML policy failed, falling back to rule selector: 422 Unprocessable Content: "{"detail":[{"type":"missing","loc":["body"],"msg":"Field required","input":null}]}"
2026-05-18T10:58:51.014+05:00  WARN 21240 --- [socratesai] [io-18080-exec-2] c.m.s.mentor.policy.MentorPolicyService  : ML policy failed, falling back to rule selector: 422 Unprocessable Content: "{"detail":[{"type":"missing","loc":["body"],"msg":"Field required","input":null}]}"
2026-05-18T10:58:51.062+05:00  WARN 21240 --- [socratesai] [io-18080-exec-6] c.m.s.mentor.policy.MentorPolicyService  : ML policy failed, falling back to rule selector: 422 Unprocessable Content: "{"detail":[{"type":"missing","loc":["body"],"msg":"Field required","input":null}]}"
2026-05-18T10:58:51.107+05:00  WARN 21240 --- [socratesai] [io-18080-exec-7] c.m.s.mentor.policy.MentorPolicyService  : ML policy failed, falling back to rule selector: 422 Unprocessable Content: "{"detail":[{"type":"missing","loc":["body"],"msg":"Field required","input":null}]}"
2026-05-18T10:58:51.154+05:00  WARN 21240 --- [socratesai] [io-18080-exec-8] c.m.s.mentor.policy.MentorPolicyService  : ML policy failed, falling back to rule selector: 422 Unprocessable Content: "{"detail":[{"type":"missing","loc":["body"],"msg":"Field required","input":null}]}"
2026-05-18T10:58:51.200+05:00  WARN 21240 --- [socratesai] [o-18080-exec-10] c.m.s.mentor.policy.MentorPolicyService  : ML policy failed, falling back to rule selector: 422 Unprocessable Content: "{"detail":[{"type":"missing","loc":["body"],"msg":"Field required","input":null}]}"
2026-05-18T10:58:51.228+05:00  WARN 21240 --- [socratesai] [io-18080-exec-4] c.m.s.mentor.policy.MentorPolicyService  : ML policy failed, falling back to rule selector: 422 Unprocessable Content: "{"detail":[{"type":"missing","loc":["body"],"msg":"Field required","input":null}]}"
2026-05-18T10:58:51.276+05:00  WARN 21240 --- [socratesai] [io-18080-exec-1] c.m.s.mentor.policy.MentorPolicyService  : ML policy failed, falling back to rule selector: 422 Unprocessable Content: "{"detail":[{"type":"missing","loc":["body"],"msg":"Field required","input":null}]}"
2026-05-18T10:58:51.323+05:00  WARN 21240 --- [socratesai] [io-18080-exec-5] c.m.s.mentor.policy.MentorPolicyService  : ML policy failed, falling back to rule selector: 422 Unprocessable Content: "{"detail":[{"type":"missing","loc":["body"],"msg":"Field required","input":null}]}"
2026-05-18T10:58:51.372+05:00  WARN 21240 --- [socratesai] [io-18080-exec-9] c.m.s.mentor.policy.MentorPolicyService  : ML policy failed, falling back to rule selector: 422 Unprocessable Content: "{"detail":[{"type":"missing","loc":["body"],"msg":"Field required","input":null}]}"
2026-05-18T10:58:51.414+05:00  WARN 21240 --- [socratesai] [io-18080-exec-3] c.m.s.mentor.policy.MentorPolicyService  : ML policy failed, falling back to rule selector: 422 Unprocessable Content: "{"detail":[{"type":"missing","loc":["body"],"msg":"Field required","input":null}]}"
2026-05-18T10:58:51.460+05:00  WARN 21240 --- [socratesai] [io-18080-exec-2] c.m.s.mentor.policy.MentorPolicyService  : ML policy failed, falling back to rule selector: 422 Unprocessable Content: "{"detail":[{"type":"missing","loc":["body"],"msg":"Field required","input":null}]}"
2026-05-18T10:58:51.492+05:00  WARN 21240 --- [socratesai] [io-18080-exec-6] c.m.s.mentor.policy.MentorPolicyService  : ML policy failed, falling back to rule selector: 422 Unprocessable Content: "{"detail":[{"type":"missing","loc":["body"],"msg":"Field required","input":null}]}"
2026-05-18T10:58:51.561+05:00  WARN 21240 --- [socratesai] [io-18080-exec-7] c.m.s.mentor.policy.MentorPolicyService  : ML policy failed, falling back to rule selector: 422 Unprocessable Content: "{"detail":[{"type":"missing","loc":["body"],"msg":"Field required","input":null}]}"
2026-05-18T10:58:51.614+05:00  WARN 21240 --- [socratesai] [io-18080-exec-8] c.m.s.mentor.policy.MentorPolicyService  : ML policy failed, falling back to rule selector: 422 Unprocessable Content: "{"detail":[{"type":"missing","loc":["body"],"msg":"Field required","input":null}]}"
2026-05-18T10:58:51.661+05:00  WARN 21240 --- [socratesai] [o-18080-exec-10] c.m.s.mentor.policy.MentorPolicyService  : ML policy failed, falling back to rule selector: 422 Unprocessable Content: "{"detail":[{"type":"missing","loc":["body"],"msg":"Field required","input":null}]}"
2026-05-18T10:58:51.707+05:00  WARN 21240 --- [socratesai] [io-18080-exec-4] c.m.s.mentor.policy.MentorPolicyService  : ML policy failed, falling back to rule selector: 422 Unprocessable Content: "{"detail":[{"type":"missing","loc":["body"],"msg":"Field required","input":null}]}"
2026-05-18T10:58:51.777+05:00  WARN 21240 --- [socratesai] [io-18080-exec-1] c.m.s.mentor.policy.MentorPolicyService  : ML policy failed, falling back to rule selector: 422 Unprocessable Content: "{"detail":[{"type":"missing","loc":["body"],"msg":"Field required","input":null}]}"
